 Lifter_server_mscv

 Timestamp is 5a17bef3 (Fri Nov 24 14:40:51 2017)

 Preferred load address is 00400000

 Start         Length     Name                   Class
 0001:00000000 00008ef0H .text$di                CODE
 0001:00008ef0 00057f80H .text$mn                CODE
 0001:00060e70 0000ea80H .text$x                 CODE
 0001:0006f8f0 000042b7H .text$yd                CODE
 0002:00000000 00000104H .CRT$XCA                DATA
 0002:00000104 00000104H .CRT$XCAA               DATA
 0002:00000208 00000590H .CRT$XCU                DATA
 0002:00000798 00000104H .CRT$XCZ                DATA
 0002:0000089c 00000104H .CRT$XIA                DATA
 0002:000009a0 00000104H .CRT$XIAA               DATA
 0002:00000aa4 00000104H .CRT$XIAC               DATA
 0002:00000ba8 00000104H .CRT$XIC                DATA
 0002:00000cac 00000104H .CRT$XIU                DATA
 0002:00000db0 00000104H .CRT$XIZ                DATA
 0002:00000eb4 00000004H .CRT$XLA                DATA
 0002:00000eb8 00000004H .CRT$XLC                DATA
 0002:00000ebc 00000004H .CRT$XLZ                DATA
 0002:00000ec0 00000104H .CRT$XPA                DATA
 0002:00000fc4 00000104H .CRT$XPZ                DATA
 0002:000010c8 00000104H .CRT$XTA                DATA
 0002:000011cc 00000104H .CRT$XTU                DATA
 0002:000012d0 00000110H .CRT$XTZ                DATA
 0002:000013e0 00005b90H .rdata                  DATA
 0002:00006f70 0000011cH .rdata$T                DATA
 0002:0000708c 000032c4H .rdata$r                DATA
 0002:0000a350 00000e54H .rdata$sxdata           DATA
 0002:0000b1a4 0000018cH .rdata$zzzdbg           DATA
 0002:0000b330 00000104H .rtc$IAA                DATA
 0002:0000b434 00000104H .rtc$IZZ                DATA
 0002:0000b538 00000104H .rtc$TAA                DATA
 0002:0000b63c 00000104H .rtc$TZZ                DATA
 0002:0000b740 0000e701H .xdata$x                DATA
 0002:00019e41 00000000H .edata                  DATA
 0003:00000000 00000400H .data                   DATA
 0003:00000400 00002550H .data$r                 DATA
 0003:00002950 00000a14H .bss                    DATA
 0004:00000000 00000eecH .idata$5                DATA
 0004:00000eec 0000017cH .idata$2                DATA
 0004:00001068 00000014H .idata$3                DATA
 0004:0000107c 00000eecH .idata$4                DATA
 0004:00001f68 000069d8H .idata$6                DATA
 0005:00000000 0000015bH .gfids$y                DATA
 0006:00000000 00000104H .tls                    DATA
 0006:00000104 00000104H .tls$                   DATA
 0006:00000208 00000101H .tls$ZZZ                DATA
 0007:00000000 00000104H .00cfg                  DATA
 0008:00000000 00000170H .rsrc$01                DATA
 0008:00000170 000002ccH .rsrc$02                DATA

  Address         Publics by Value              Rva+Base       Lib:Object

 0000:00000000       ___guard_fids_table        00000000     <absolute>
 0000:00000000       ___guard_iat_table         00000000     <absolute>
 0000:00000000       ___guard_longjmp_table     00000000     <absolute>
 0000:00000000       ___dynamic_value_reloc_table 00000000     <absolute>
 0000:00000000       ___guard_iat_count         00000000     <absolute>
 0000:00000000       ___guard_fids_count        00000000     <absolute>
 0000:00000000       ___guard_longjmp_count     00000000     <absolute>
 0000:0000002c       __tls_array                0000002c     <absolute>
 0000:00000100       ___guard_flags             00000100     <absolute>
 0000:000002c7       ___safe_se_handler_count   000002c7     <absolute>
 0000:00000000       ___ImageBase               00400000     <linker-defined>
 0001:00008ef0       ??0CanModuleBuffer@@QAE@H@Z 00409ef0 f   canmodulebuffer.obj
 0001:00008f50       ??1CanModuleBuffer@@UAE@XZ 00409f50 f   canmodulebuffer.obj
 0001:00008f70       ??_GCanModuleBuffer@@UAEPAXI@Z 00409f70 f i canmodulebuffer.obj
 0001:00008f70       ??_ECanModuleBuffer@@UAEPAXI@Z 00409f70 f i canmodulebuffer.obj
 0001:00008fb0       ?can_memcpy@CanModuleBuffer@@QAEXPAU_VCI_CAN_OBJ@@HABQAU2@H@Z 00409fb0 f   canmodulebuffer.obj
 0001:00009020       ?getFreeSize@CanModuleBuffer@@QAEHXZ 0040a020 f   canmodulebuffer.obj
 0001:00009060       ?getUsedSize@CanModuleBuffer@@QAEHXZ 0040a060 f   canmodulebuffer.obj
 0001:000090a0       ?isEmpty@CanModuleBuffer@@QAE_NXZ 0040a0a0 f   canmodulebuffer.obj
 0001:000090b0       ?isFull@CanModuleBuffer@@QAE_NXZ 0040a0b0 f   canmodulebuffer.obj
 0001:000090c0       ?read@CanModuleBuffer@@QAEHPAU_VCI_CAN_OBJ@@ABH@Z 0040a0c0 f   canmodulebuffer.obj
 0001:00009250       ??1Myserver@@QAE@XZ        0040a250 f   server.obj
 0001:000092c0       ?setBufferSize@CanModuleBuffer@@QAE_NH_N@Z 0040a2c0 f   canmodulebuffer.obj
 0001:000093a0       ?setEmpty@CanModuleBuffer@@QAEXXZ 0040a3a0 f   canmodulebuffer.obj
 0001:000093c0       ?write@CanModuleBuffer@@QAEHABQAU_VCI_CAN_OBJ@@ABH@Z 0040a3c0 f   canmodulebuffer.obj
 0001:000095a0       ??0CCycleBuffer@@QAE@H@Z   0040a5a0 f   CCycleBuffer.obj
 0001:000095f0       ??1CCycleBuffer@@UAE@XZ    0040a5f0 f   CCycleBuffer.obj
 0001:00009610       ??_GCCycleBuffer@@UAEPAXI@Z 0040a610 f i CCycleBuffer.obj
 0001:00009610       ??_ECCycleBuffer@@UAEPAXI@Z 0040a610 f i CCycleBuffer.obj
 0001:00009650       ?getFreeSize@CCycleBuffer@@QAEHXZ 0040a650 f   CCycleBuffer.obj
 0001:00009690       ?getUsedSize@CCycleBuffer@@QAEHXZ 0040a690 f   CCycleBuffer.obj
 0001:000096d0       ?isEmpty@CCycleBuffer@@QAE_NXZ 0040a6d0 f   CCycleBuffer.obj
 0001:000096e0       ?isFull@CCycleBuffer@@QAE_NXZ 0040a6e0 f   CCycleBuffer.obj
 0001:000096f0       ?read@CCycleBuffer@@QAEHPADH@Z 0040a6f0 f   CCycleBuffer.obj
 0001:00009880       ?setBufferSize@CCycleBuffer@@QAE_NH_N@Z 0040a880 f   CCycleBuffer.obj
 0001:00009970       ?setEmpty@CCycleBuffer@@QAEXXZ 0040a970 f   CCycleBuffer.obj
 0001:00009990       ?write@CCycleBuffer@@QAEHPADH@Z 0040a990 f   CCycleBuffer.obj
 0001:00009c10       ??0bad_exception_@exception_detail@boost@@QAE@ABU012@@Z 0040ac10 f i usebuffer.obj
 0001:00009ca0       ??_Gbad_exception_@exception_detail@boost@@UAEPAXI@Z 0040aca0 f i usebuffer.obj
 0001:00009ca0       ??_Ebad_exception_@exception_detail@boost@@UAEPAXI@Z 0040aca0 f i usebuffer.obj
 0001:00009d60       ??0exception@boost@@QAE@ABV01@@Z 0040ad60 f i usebuffer.obj
 0001:00009db0       ??0clone_base@exception_detail@boost@@QAE@ABV012@@Z 0040adb0 f i usebuffer.obj
 0001:00009dc0       ??_Eclone_base@exception_detail@boost@@UAEPAXI@Z 0040adc0 f i usebuffer.obj
 0001:00009dc0       ??_Gclone_base@exception_detail@boost@@UAEPAXI@Z 0040adc0 f i usebuffer.obj
 0001:00009df0       ?what@system_error@system@boost@@UBEPBDXZ 0040adf0 f i usebuffer.obj
 0001:00009f40       ??0system_error@system@boost@@QAE@ABV012@@Z 0040af40 f i usebuffer.obj
 0001:0000a000       ??_Ebad_alloc_@exception_detail@boost@@WBE@AEPAXI@Z 0040b000 f i usebuffer.obj
 0001:0000a00a       ??_Ebad_exception_@exception_detail@boost@@WBE@AEPAXI@Z 0040b00a f i usebuffer.obj
 0001:0000a020       ??0?$error_info_injector@Vsystem_error@system@boost@@@exception_detail@boost@@QAE@ABU012@@Z 0040b020 f i usebuffer.obj
 0001:0000a0e0       ??_E?$error_info_injector@Vsystem_error@system@boost@@@exception_detail@boost@@UAEPAXI@Z 0040b0e0 f i usebuffer.obj
 0001:0000a0e0       ??_G?$error_info_injector@Vsystem_error@system@boost@@@exception_detail@boost@@UAEPAXI@Z 0040b0e0 f i usebuffer.obj
 0001:0000a110       ??0?$clone_impl@U?$error_info_injector@Vsystem_error@system@boost@@@exception_detail@boost@@@exception_detail@boost@@QAE@ABV012@@Z 0040b110 f i usebuffer.obj
 0001:0000a230       ??_E?$clone_impl@U?$error_info_injector@Vsystem_error@system@boost@@@exception_detail@boost@@@exception_detail@boost@@UAEPAXI@Z 0040b230 f i usebuffer.obj
 0001:0000a230       ??_G?$clone_impl@U?$error_info_injector@Vsystem_error@system@boost@@@exception_detail@boost@@@exception_detail@boost@@UAEPAXI@Z 0040b230 f i usebuffer.obj
 0001:0000a2a0       ??_D?$clone_impl@U?$error_info_injector@Vsystem_error@system@boost@@@exception_detail@boost@@@exception_detail@boost@@QAEXXZ 0040b2a0 f i usebuffer.obj
 0001:0000a2e7       ??_E?$error_info_injector@Vsystem_error@system@boost@@@exception_detail@boost@@WCM@AEPAXI@Z 0040b2e7 f i usebuffer.obj
 0001:0000a2f1       ??_E?$clone_impl@U?$error_info_injector@Vsystem_error@system@boost@@@exception_detail@boost@@@exception_detail@boost@@WCM@AEPAXI@Z 0040b2f1 f i usebuffer.obj
 0001:0000a2fb       ?clone@?$clone_impl@U?$error_info_injector@Vsystem_error@system@boost@@@exception_detail@boost@@@exception_detail@boost@@$0PPPPPPPM@A@BEPBVclone_base@23@XZ 0040b2fb f i usebuffer.obj
 0001:0000a305       ?rethrow@?$clone_impl@U?$error_info_injector@Vsystem_error@system@boost@@@exception_detail@boost@@@exception_detail@boost@@$0PPPPPPPM@A@BEXXZ 0040b305 f i usebuffer.obj
 0001:0000a30f       ??_E?$clone_impl@U?$error_info_injector@Vsystem_error@system@boost@@@exception_detail@boost@@@exception_detail@boost@@$4PPPPPPPM@EI@AEPAXI@Z 0040b30f f i usebuffer.obj
 0001:0000a320       ??0runtime_error@std@@QAE@ABV01@@Z 0040b320 f i usebuffer.obj
 0001:0000a370       ?dispose@?$sp_counted_impl_p@V?$clone_impl@Ubad_alloc_@exception_detail@boost@@@exception_detail@boost@@@detail@boost@@UAEXXZ 0040b370 f i usebuffer.obj
 0001:0000a390       ?get_deleter@?$sp_counted_impl_p@V?$clone_impl@Ubad_alloc_@exception_detail@boost@@@exception_detail@boost@@@detail@boost@@UAEPAXABVtype_info@@@Z 0040b390 f i usebuffer.obj
 0001:0000a3a0       ?get_untyped_deleter@?$sp_counted_impl_p@V?$clone_impl@Ubad_alloc_@exception_detail@boost@@@exception_detail@boost@@@detail@boost@@UAEPAXXZ 0040b3a0 f i usebuffer.obj
 0001:0000a3b0       ??_G?$sp_counted_impl_p@V?$clone_impl@Ubad_alloc_@exception_detail@boost@@@exception_detail@boost@@@detail@boost@@UAEPAXI@Z 0040b3b0 f i usebuffer.obj
 0001:0000a3b0       ??_E?$sp_counted_impl_p@V?$clone_impl@Ubad_alloc_@exception_detail@boost@@@exception_detail@boost@@@detail@boost@@UAEPAXI@Z 0040b3b0 f i usebuffer.obj
 0001:0000a3e0       ?dispose@?$sp_counted_impl_p@V?$clone_impl@Ubad_exception_@exception_detail@boost@@@exception_detail@boost@@@detail@boost@@UAEXXZ 0040b3e0 f i usebuffer.obj
 0001:0000a400       ?get_deleter@?$sp_counted_impl_p@V?$clone_impl@Ubad_exception_@exception_detail@boost@@@exception_detail@boost@@@detail@boost@@UAEPAXABVtype_info@@@Z 0040b400 f i usebuffer.obj
 0001:0000a410       ?get_untyped_deleter@?$sp_counted_impl_p@V?$clone_impl@Ubad_exception_@exception_detail@boost@@@exception_detail@boost@@@detail@boost@@UAEPAXXZ 0040b410 f i usebuffer.obj
 0001:0000a420       ??_G?$sp_counted_impl_p@V?$clone_impl@Ubad_exception_@exception_detail@boost@@@exception_detail@boost@@@detail@boost@@UAEPAXI@Z 0040b420 f i usebuffer.obj
 0001:0000a420       ??_E?$sp_counted_impl_p@V?$clone_impl@Ubad_exception_@exception_detail@boost@@@exception_detail@boost@@@detail@boost@@UAEPAXI@Z 0040b420 f i usebuffer.obj
 0001:0000a450       ??0?$clone_impl@Ubad_alloc_@exception_detail@boost@@@exception_detail@boost@@QAE@ABV012@@Z 0040b450 f i usebuffer.obj
 0001:0000a520       ??_E?$clone_impl@Ubad_alloc_@exception_detail@boost@@@exception_detail@boost@@UAEPAXI@Z 0040b520 f i usebuffer.obj
 0001:0000a520       ??_G?$clone_impl@Ubad_alloc_@exception_detail@boost@@@exception_detail@boost@@UAEPAXI@Z 0040b520 f i usebuffer.obj
 0001:0000a560       ??_D?$clone_impl@Ubad_alloc_@exception_detail@boost@@@exception_detail@boost@@QAEXXZ 0040b560 f i usebuffer.obj
 0001:0000a580       ?destroy@sp_counted_base@detail@boost@@UAEXXZ 0040b580 f i usebuffer.obj
 0001:0000a590       ??0?$clone_impl@Ubad_exception_@exception_detail@boost@@@exception_detail@boost@@QAE@ABV012@@Z 0040b590 f i usebuffer.obj
 0001:0000a660       ??_E?$clone_impl@Ubad_exception_@exception_detail@boost@@@exception_detail@boost@@UAEPAXI@Z 0040b660 f i usebuffer.obj
 0001:0000a660       ??_G?$clone_impl@Ubad_exception_@exception_detail@boost@@@exception_detail@boost@@UAEPAXI@Z 0040b660 f i usebuffer.obj
 0001:0000a6a0       ??_D?$clone_impl@Ubad_exception_@exception_detail@boost@@@exception_detail@boost@@QAEXXZ 0040b6a0 f i usebuffer.obj
 0001:0000a6c0       ??0exception@std@@QAE@ABV01@@Z 0040b6c0 f i usebuffer.obj
 0001:0000a700       ?what@exception@std@@UBEPBDXZ 0040b700 f i usebuffer.obj
 0001:0000a720       ??_Eexception@std@@UAEPAXI@Z 0040b720 f i usebuffer.obj
 0001:0000a720       ??_Gexception@std@@UAEPAXI@Z 0040b720 f i usebuffer.obj
 0001:0000a75d       ??_E?$clone_impl@Ubad_alloc_@exception_detail@boost@@@exception_detail@boost@@WBE@AEPAXI@Z 0040b75d f i usebuffer.obj
 0001:0000a767       ?clone@?$clone_impl@Ubad_alloc_@exception_detail@boost@@@exception_detail@boost@@$0PPPPPPPM@A@BEPBVclone_base@23@XZ 0040b767 f i usebuffer.obj
 0001:0000a771       ?rethrow@?$clone_impl@Ubad_alloc_@exception_detail@boost@@@exception_detail@boost@@$0PPPPPPPM@A@BEXXZ 0040b771 f i usebuffer.obj
 0001:0000a77b       ??_E?$clone_impl@Ubad_alloc_@exception_detail@boost@@@exception_detail@boost@@$4PPPPPPPM@CI@AEPAXI@Z 0040b77b f i usebuffer.obj
 0001:0000a790       ??0bad_exception@std@@QAE@ABV01@@Z 0040b790 f i usebuffer.obj
 0001:0000a7d1       ??_E?$clone_impl@Ubad_exception_@exception_detail@boost@@@exception_detail@boost@@WBE@AEPAXI@Z 0040b7d1 f i usebuffer.obj
 0001:0000a7db       ?clone@?$clone_impl@Ubad_exception_@exception_detail@boost@@@exception_detail@boost@@$0PPPPPPPM@A@BEPBVclone_base@23@XZ 0040b7db f i usebuffer.obj
 0001:0000a7e5       ?rethrow@?$clone_impl@Ubad_exception_@exception_detail@boost@@@exception_detail@boost@@$0PPPPPPPM@A@BEXXZ 0040b7e5 f i usebuffer.obj
 0001:0000a7ef       ??_E?$clone_impl@Ubad_exception_@exception_detail@boost@@@exception_detail@boost@@$4PPPPPPPM@CI@AEPAXI@Z 0040b7ef f i usebuffer.obj
 0001:0000a800       ??_Gbad_exception@std@@UAEPAXI@Z 0040b800 f i usebuffer.obj
 0001:0000a800       ??_Ebad_exception@std@@UAEPAXI@Z 0040b800 f i usebuffer.obj
 0001:0000a840       ??0bad_alloc@std@@QAE@ABV01@@Z 0040b840 f i usebuffer.obj
 0001:0000a890       ??_Gbad_alloc@std@@UAEPAXI@Z 0040b890 f i usebuffer.obj
 0001:0000a890       ??_Ebad_alloc@std@@UAEPAXI@Z 0040b890 f i usebuffer.obj
 0001:0000a8d0       ??0bad_alloc_@exception_detail@boost@@QAE@ABU012@@Z 0040b8d0 f i usebuffer.obj
 0001:0000a960       ??_Ebad_alloc_@exception_detail@boost@@UAEPAXI@Z 0040b960 f i usebuffer.obj
 0001:0000a960       ??_Gbad_alloc_@exception_detail@boost@@UAEPAXI@Z 0040b960 f i usebuffer.obj
 0001:0000aa20       ??$?0V?$QList@USendMessageData@@@@@shared_count@detail@boost@@QAE@PAV?$QList@USendMessageData@@@@@Z 0040ba20 f i usebuffer.obj
 0001:0000aae0       ??$?0V?$clone_impl@Ubad_alloc_@exception_detail@boost@@@exception_detail@boost@@@shared_count@detail@boost@@QAE@PAV?$clone_impl@Ubad_alloc_@exception_detail@boost@@@exception_detail@2@@Z 0040bae0 f i usebuffer.obj
 0001:0000aba0       ??$?0V?$clone_impl@Ubad_exception_@exception_detail@boost@@@exception_detail@boost@@@shared_count@detail@boost@@QAE@PAV?$clone_impl@Ubad_exception_@exception_detail@boost@@@exception_detail@2@@Z 0040bba0 f i usebuffer.obj
 0001:0000ac60       ??$?HI@?$int_adapter@_J@date_time@boost@@QBE?AV012@ABV?$int_adapter@I@12@@Z 0040bc60 f i usebuffer.obj
 0001:0000ad90       ??$_Destroy_range1@V?$allocator@V?$intrusive_ptr@Vbasic_cv_list_entry@detail@boost@@@boost@@@std@@PAV?$intrusive_ptr@Vbasic_cv_list_entry@detail@boost@@@boost@@@std@@YAXPAV?$intrusive_ptr@Vbasic_cv_list_entry@detail@boost@@@boost@@0AAU?$_Wrap_alloc@V?$allocator@V?$intrusive_ptr@Vbasic_cv_list_entry@detail@boost@@@boost@@@std@@@0@U?$integral_constant@_N$0A@@0@@Z 0040bd90 f i usebuffer.obj
 0001:0000ae10       ??$_Uninitialized_move_al_unchecked1@PAV?$intrusive_ptr@Vbasic_cv_list_entry@detail@boost@@@boost@@PAV12@V?$allocator@V?$intrusive_ptr@Vbasic_cv_list_entry@detail@boost@@@boost@@@std@@@std@@YAPAV?$intrusive_ptr@Vbasic_cv_list_entry@detail@boost@@@boost@@PAV12@00AAU?$_Wrap_alloc@V?$allocator@V?$intrusive_ptr@Vbasic_cv_list_entry@detail@boost@@@boost@@@std@@@0@U_General_ptr_iterator_tag@0@U_Any_tag@0@@Z 0040be10 f i usebuffer.obj
 0001:0000ae60       ??$checked_delete@V?$QList@USendMessageData@@@@@boost@@YAXPAV?$QList@USendMessageData@@@@@Z 0040be60 f i usebuffer.obj
 0001:0000aef0       ??$do_wait@Vmutex@boost@@@basic_condition_variable@detail@boost@@IAE_NAAVmutex@2@Utimeout@12@@Z 0040bef0 f i usebuffer.obj
 0001:0000b080       ??$enable_current_exception@U?$error_info_injector@Vlock_error@boost@@@exception_detail@boost@@@boost@@YA?AV?$clone_impl@U?$error_info_injector@Vlock_error@boost@@@exception_detail@boost@@@exception_detail@0@ABU?$error_info_injector@Vlock_error@boost@@@20@@Z 0040c080 f i usebuffer.obj
 0001:0000b160       ??$enable_current_exception@U?$error_info_injector@Vsystem_error@system@boost@@@exception_detail@boost@@@boost@@YA?AV?$clone_impl@U?$error_info_injector@Vsystem_error@system@boost@@@exception_detail@boost@@@exception_detail@0@ABU?$error_info_injector@Vsystem_error@system@boost@@@20@@Z 0040c160 f i usebuffer.obj
 0001:0000b190       ??$enable_current_exception@U?$error_info_injector@Vthread_resource_error@boost@@@exception_detail@boost@@@boost@@YA?AV?$clone_impl@U?$error_info_injector@Vthread_resource_error@boost@@@exception_detail@boost@@@exception_detail@0@ABU?$error_info_injector@Vthread_resource_error@boost@@@20@@Z 0040c190 f i usebuffer.obj
 0001:0000b270       ??$enable_error_info@Vlock_error@boost@@@boost@@YA?AU?$error_info_injector@Vlock_error@boost@@@exception_detail@0@ABVlock_error@0@@Z 0040c270 f i usebuffer.obj
 0001:0000b2e0       ??$enable_error_info@Vsystem_error@system@boost@@@boost@@YA?AU?$error_info_injector@Vsystem_error@system@boost@@@exception_detail@0@ABVsystem_error@system@0@@Z 0040c2e0 f i usebuffer.obj
 0001:0000b350       ??$enable_error_info@Vthread_resource_error@boost@@@boost@@YA?AU?$error_info_injector@Vthread_resource_error@boost@@@exception_detail@0@ABVthread_resource_error@0@@Z 0040c350 f i usebuffer.obj
 0001:0000b3c0       ??$get_static_exception_object@Ubad_alloc_@exception_detail@boost@@@exception_detail@boost@@YA?AVexception_ptr@1@XZ 0040c3c0 f i usebuffer.obj
 0001:0000b620       ??1on_dispatch_exit@strand_service@detail@asio@boost@@QAE@XZ 0040c620 f i server.obj
 0001:0000b6b0       ??$get_static_exception_object@Ubad_exception_@exception_detail@boost@@@exception_detail@boost@@YA?AVexception_ptr@1@XZ 0040c6b0 f i usebuffer.obj
 0001:0000b9a0       ??$sp_pointer_construct@$$CBVclone_base@exception_detail@boost@@V?$clone_impl@Ubad_alloc_@exception_detail@boost@@@23@@detail@boost@@YAXPAV?$shared_ptr@$$CBVclone_base@exception_detail@boost@@@1@PAV?$clone_impl@Ubad_alloc_@exception_detail@boost@@@exception_detail@1@AAVshared_count@01@@Z 0040c9a0 f i usebuffer.obj
 0001:0000ba60       ??$sp_pointer_construct@$$CBVclone_base@exception_detail@boost@@V?$clone_impl@Ubad_exception_@exception_detail@boost@@@23@@detail@boost@@YAXPAV?$shared_ptr@$$CBVclone_base@exception_detail@boost@@@1@PAV?$clone_impl@Ubad_exception_@exception_detail@boost@@@exception_detail@1@AAVshared_count@01@@Z 0040ca60 f i usebuffer.obj
 0001:0000bb20       ??$sp_pointer_construct@V?$QList@USendMessageData@@@@V1@@detail@boost@@YAXPAV?$shared_ptr@V?$QList@USendMessageData@@@@@1@PAV?$QList@USendMessageData@@@@AAVshared_count@01@@Z 0040cb20 f i usebuffer.obj
 0001:0000bbe0       ??$throw_exception@Vlock_error@boost@@@boost@@YAXABVlock_error@0@@Z 0040cbe0 f i usebuffer.obj
 0001:0000bc60       ??$throw_exception@Vsystem_error@system@boost@@@boost@@YAXABVsystem_error@system@0@@Z 0040cc60 f i usebuffer.obj
 0001:0000bce0       ??$throw_exception@Vthread_resource_error@boost@@@boost@@YAXABVthread_resource_error@0@@Z 0040cce0 f i usebuffer.obj
 0001:0000bd60       ??$wait@Vmutex@boost@@@condition_variable_any@boost@@QAEXAAVmutex@1@@Z 0040cd60 f i usebuffer.obj
 0001:0000be20       ??0?$QList@VQString@@@@QAE@ABV0@@Z 0040ce20 f i usebuffer.obj
 0001:0000bf00       ??0?$basic_string@DU?$char_traits@D@std@@V?$allocator@D@2@@std@@QAE@PBD@Z 0040cf00 f i usebuffer.obj
 0001:0000bf70       ??0?$clone_impl@U?$error_info_injector@Ubad_day_of_month@gregorian@boost@@@exception_detail@boost@@@exception_detail@boost@@AAE@ABV012@Uclone_tag@012@@Z 0040cf70 f i usebuffer.obj
 0001:0000c060       ??0?$clone_impl@U?$error_info_injector@Ubad_day_of_month@gregorian@boost@@@exception_detail@boost@@@exception_detail@boost@@QAE@ABV012@@Z 0040d060 f i usebuffer.obj
 0001:0000c130       ??0?$clone_impl@U?$error_info_injector@Ubad_month@gregorian@boost@@@exception_detail@boost@@@exception_detail@boost@@AAE@ABV012@Uclone_tag@012@@Z 0040d130 f i usebuffer.obj
 0001:0000c220       ??0?$clone_impl@U?$error_info_injector@Ubad_month@gregorian@boost@@@exception_detail@boost@@@exception_detail@boost@@QAE@ABV012@@Z 0040d220 f i usebuffer.obj
 0001:0000c2f0       ??0?$clone_impl@U?$error_info_injector@Ubad_year@gregorian@boost@@@exception_detail@boost@@@exception_detail@boost@@AAE@ABV012@Uclone_tag@012@@Z 0040d2f0 f i usebuffer.obj
 0001:0000c3e0       ??0?$clone_impl@U?$error_info_injector@Ubad_year@gregorian@boost@@@exception_detail@boost@@@exception_detail@boost@@QAE@ABV012@@Z 0040d3e0 f i usebuffer.obj
 0001:0000c4b0       ??0?$clone_impl@U?$error_info_injector@Vlock_error@boost@@@exception_detail@boost@@@exception_detail@boost@@AAE@ABV012@Uclone_tag@012@@Z 0040d4b0 f i usebuffer.obj
 0001:0000c5a0       ??0?$clone_impl@U?$error_info_injector@Vlock_error@boost@@@exception_detail@boost@@@exception_detail@boost@@QAE@ABV012@@Z 0040d5a0 f i usebuffer.obj
 0001:0000c670       ??0?$clone_impl@U?$error_info_injector@Vsystem_error@system@boost@@@exception_detail@boost@@@exception_detail@boost@@AAE@ABV012@Uclone_tag@012@@Z 0040d670 f i usebuffer.obj
 0001:0000c7b0       ??0?$clone_impl@U?$error_info_injector@Vsystem_error@system@boost@@@exception_detail@boost@@@exception_detail@boost@@QAE@ABU?$error_info_injector@Vsystem_error@system@boost@@@12@@Z 0040d7b0 f i usebuffer.obj
 0001:0000c8f0       ??0?$clone_impl@U?$error_info_injector@Vthread_resource_error@boost@@@exception_detail@boost@@@exception_detail@boost@@AAE@ABV012@Uclone_tag@012@@Z 0040d8f0 f i usebuffer.obj
 0001:0000c9e0       ??0?$clone_impl@U?$error_info_injector@Vthread_resource_error@boost@@@exception_detail@boost@@@exception_detail@boost@@QAE@ABV012@@Z 0040d9e0 f i usebuffer.obj
 0001:0000cab0       ??0?$counted_time_rep@Vmillisec_posix_time_system_config@posix_time@boost@@@date_time@boost@@QAE@ABVdate@gregorian@2@ABVtime_duration@posix_time@2@@Z 0040dab0 f i usebuffer.obj
 0001:0000cb90       ??0?$error_info_injector@Ubad_day_of_month@gregorian@boost@@@exception_detail@boost@@QAE@ABU012@@Z 0040db90 f i usebuffer.obj
 0001:0000cc70       ??0?$error_info_injector@Ubad_month@gregorian@boost@@@exception_detail@boost@@QAE@ABU012@@Z 0040dc70 f i usebuffer.obj
 0001:0000cd50       ??0?$error_info_injector@Ubad_year@gregorian@boost@@@exception_detail@boost@@QAE@ABU012@@Z 0040dd50 f i usebuffer.obj
 0001:0000ce30       ??0?$error_info_injector@Vlock_error@boost@@@exception_detail@boost@@QAE@ABU012@@Z 0040de30 f i usebuffer.obj
 0001:0000cef0       ??0?$error_info_injector@Vthread_resource_error@boost@@@exception_detail@boost@@QAE@ABU012@@Z 0040def0 f i usebuffer.obj
 0001:0000cfb0       ??0?$service_id@Vselect_reactor@detail@asio@boost@@@detail@asio@boost@@QAE@XZ 0040dfb0 f i usebuffer.obj
 0001:0000cfc0       ??0?$service_id@Vstrand_service@detail@asio@boost@@@detail@asio@boost@@QAE@XZ 0040dfc0 f i usebuffer.obj
 0001:0000cfd0       ??0?$service_id@Vwin_iocp_io_service@detail@asio@boost@@@detail@asio@boost@@QAE@XZ 0040dfd0 f i usebuffer.obj
 0001:0000cfe0       ??0UserBuffer@@QAE@XZ      0040dfe0 f   usebuffer.obj
 0001:0000d410       ??0bad_day_of_month@gregorian@boost@@QAE@ABU012@@Z 0040e410 f i usebuffer.obj
 0001:0000d460       ??0bad_month@gregorian@boost@@QAE@ABU012@@Z 0040e460 f i usebuffer.obj
 0001:0000d4b0       ??0bad_year@gregorian@boost@@QAE@ABU012@@Z 0040e4b0 f i usebuffer.obj
 0001:0000d500       ??0basic_cv_list_entry@detail@boost@@QAE@ABVhandle_manager@win32@12@@Z 0040e500 f i usebuffer.obj
 0001:0000d5d0       ??0condition_variable_any@boost@@QAE@XZ 0040e5d0 f i usebuffer.obj
 0001:0000d630       ??0lock_error@boost@@QAE@ABV01@@Z 0040e630 f i usebuffer.obj
 0001:0000d660       ??0lock_error@boost@@QAE@HPBD@Z 0040e660 f i usebuffer.obj
 0001:0000d6f0       ??0logic_error@std@@QAE@ABV01@@Z 0040e6f0 f i usebuffer.obj
 0001:0000d740       ??0mutex@boost@@QAE@XZ     0040e740 f i usebuffer.obj
 0001:0000d760       ??0out_of_range@std@@QAE@ABV01@@Z 0040e760 f i usebuffer.obj
 0001:0000d7b0       ??0thread_exception@boost@@QAE@ABV01@@Z 0040e7b0 f i usebuffer.obj
 0001:0000d7e0       ??0thread_resource_error@boost@@QAE@ABV01@@Z 0040e7e0 f i usebuffer.obj
 0001:0000d810       ??0thread_resource_error@boost@@QAE@XZ 0040e810 f i usebuffer.obj
 0001:0000d890       ??1?$QList@VQString@@@@QAE@XZ 0040e890 f i usebuffer.obj
 0001:0000d940       ??1?$QMap@HVQString@@@@QAE@XZ 0040e940 f i usebuffer.obj
 0001:0000da00       ??1?$QMap@VQString@@H@@QAE@XZ 0040ea00 f i usebuffer.obj
 0001:0000dac0       ??1?$QMap@VQString@@N@@QAE@XZ 0040eac0 f i usebuffer.obj
 0001:0000db80       ??1?$QMap@VQString@@Uresponse_data@@@@QAE@XZ 0040eb80 f i usebuffer.obj
 0001:0000dc10       ??1?$QMap@VQString@@V?$QList@USendMessageData@@@@@@QAE@XZ 0040ec10 f i usebuffer.obj
 0001:0000dca0       ??1?$QMap@VQString@@V?$shared_ptr@V?$QList@USendMessageData@@@@@boost@@@@QAE@XZ 0040eca0 f i usebuffer.obj
 0001:0000dd30       ??1?$QMap@VQString@@VQStringList@@@@QAE@XZ 0040ed30 f i usebuffer.obj
 0001:0000ddf0       ??1?$QQueue@Udevice_buf@@@@QAE@XZ 0040edf0 f i usebuffer.obj
 0001:0000de60       ??1?$QQueue@VQString@@@@QAE@XZ 0040ee60 f i usebuffer.obj
 0001:0000de70       ??1?$QQueue@VQStringList@@@@QAE@XZ 0040ee70 f i usebuffer.obj
 0001:0000df10       ??1?$basic_string@DU?$char_traits@D@std@@V?$allocator@D@2@@std@@QAE@XZ 0040ef10 f i usebuffer.obj
 0001:0000df60       ??1?$clone_impl@U?$error_info_injector@Ubad_day_of_month@gregorian@boost@@@exception_detail@boost@@@exception_detail@boost@@UAE@XZ 0040ef60 f i usebuffer.obj
 0001:0000e030       ??1?$clone_impl@U?$error_info_injector@Ubad_month@gregorian@boost@@@exception_detail@boost@@@exception_detail@boost@@UAE@XZ 0040f030 f i usebuffer.obj
 0001:0000e100       ??1?$clone_impl@U?$error_info_injector@Ubad_year@gregorian@boost@@@exception_detail@boost@@@exception_detail@boost@@UAE@XZ 0040f100 f i usebuffer.obj
 0001:0000e1d0       ??1?$clone_impl@Ubad_alloc_@exception_detail@boost@@@exception_detail@boost@@UAE@XZ 0040f1d0 f i usebuffer.obj
 0001:0000e2a0       ??1?$clone_impl@Ubad_exception_@exception_detail@boost@@@exception_detail@boost@@UAE@XZ 0040f2a0 f i usebuffer.obj
 0001:0000e370       ??1?$error_info_injector@Ubad_day_of_month@gregorian@boost@@@exception_detail@boost@@UAE@XZ 0040f370 f i usebuffer.obj
 0001:0000e410       ??1?$error_info_injector@Ubad_month@gregorian@boost@@@exception_detail@boost@@UAE@XZ 0040f410 f i usebuffer.obj
 0001:0000e4b0       ??1?$error_info_injector@Ubad_year@gregorian@boost@@@exception_detail@boost@@UAE@XZ 0040f4b0 f i usebuffer.obj
 0001:0000e550       ??1?$error_info_injector@Vlock_error@boost@@@exception_detail@boost@@UAE@XZ 0040f550 f i usebuffer.obj
 0001:0000e640       ??1?$error_info_injector@Vsystem_error@system@boost@@@exception_detail@boost@@UAE@XZ 0040f640 f i usebuffer.obj
 0001:0000e730       ??1?$error_info_injector@Vthread_resource_error@boost@@@exception_detail@boost@@UAE@XZ 0040f730 f i usebuffer.obj
 0001:0000e820       ??1?$intrusive_ptr@Vbasic_cv_list_entry@detail@boost@@@boost@@QAE@XZ 0040f820 f i usebuffer.obj
 0001:0000e880       ??1?$lock_guard@Vmutex@boost@@@boost@@QAE@XZ 0040f880 f i usebuffer.obj
 0001:0000e900       ??1?$op_queue@Vwin_iocp_operation@detail@asio@boost@@@detail@asio@boost@@QAE@XZ 0040f900 f i usebuffer.obj
 0001:0000e9a0       ??1?$refcount_ptr@Uerror_info_container@exception_detail@boost@@@exception_detail@boost@@QAE@XZ 0040f9a0 f i usebuffer.obj
 0001:0000ea00       ??1?$relocker@Vmutex@boost@@@basic_condition_variable@detail@boost@@QAE@XZ 0040fa00 f i usebuffer.obj
 0001:0000ea50       ??1?$service_id@Vselect_reactor@detail@asio@boost@@@detail@asio@boost@@QAE@XZ 0040fa50 f i usebuffer.obj
 0001:0000ea60       ??1?$service_id@Vstrand_service@detail@asio@boost@@@detail@asio@boost@@QAE@XZ 0040fa60 f i usebuffer.obj
 0001:0000ea70       ??1?$service_id@Vwin_iocp_io_service@detail@asio@boost@@@detail@asio@boost@@QAE@XZ 0040fa70 f i usebuffer.obj
 0001:0000ea80       ??1?$shared_ptr@V?$QList@USendMessageData@@@@@boost@@QAE@XZ 0040fa80 f i usebuffer.obj
 0001:0000eb10       ??1?$unique_lock@Vmutex@boost@@@boost@@QAE@XZ 0040fb10 f i usebuffer.obj
 0001:0000eb90       ??1?$unique_lock@Vrecursive_mutex@boost@@@boost@@QAE@XZ 0040fb90 f i usebuffer.obj
 0001:0000ec20       ??1QStringList@@QAE@XZ     0040fc20 f i usebuffer.obj
 0001:0000ec30       ??1UserBuffer@@QAE@XZ      0040fc30 f   usebuffer.obj
 0001:0000f0f0       ??1bad_alloc_@exception_detail@boost@@UAE@XZ 004100f0 f i usebuffer.obj
 0001:0000f190       ??1bad_day_of_month@gregorian@boost@@UAE@XZ 00410190 f i usebuffer.obj
 0001:0000f1b0       ??1bad_exception_@exception_detail@boost@@UAE@XZ 004101b0 f i usebuffer.obj
 0001:0000f250       ??1bad_month@gregorian@boost@@UAE@XZ 00410250 f i usebuffer.obj
 0001:0000f270       ??1bad_year@gregorian@boost@@UAE@XZ 00410270 f i usebuffer.obj
 0001:0000f290       ??1basic_condition_variable@detail@boost@@QAE@XZ 00410290 f i usebuffer.obj
 0001:0000f330       ??1clone_base@exception_detail@boost@@UAE@XZ 00410330 f i usebuffer.obj
 0001:0000f340       ??1condition_variable_any@boost@@QAE@XZ 00410340 f i usebuffer.obj
 0001:0000f350       ??1entry_manager@basic_condition_variable@detail@boost@@QAE@XZ 00410350 f i usebuffer.obj
 0001:0000f440       ??1error_category@system@boost@@UAE@XZ 00410440 f i usebuffer.obj
 0001:0000f450       ??1exception@boost@@MAE@XZ 00410450 f i usebuffer.obj
 0001:0000f4d0       ??1exception@std@@UAE@XZ   004104d0 f i usebuffer.obj
 0001:0000f4f0       ??1handle_manager@win32@detail@boost@@QAE@XZ 004104f0 f i usebuffer.obj
 0001:0000f510       ??1lock_error@boost@@UAE@XZ 00410510 f i usebuffer.obj
 0001:0000f580       ??1mutex@boost@@QAE@XZ     00410580 f i usebuffer.obj
 0001:0000f5a0       ??1recursive_mutex@boost@@QAE@XZ 004105a0 f i usebuffer.obj
 0001:0000f5c0       ??1response_data@@QAE@XZ   004105c0 f i usebuffer.obj
 0001:0000f5e0       ??1runtime_error@std@@UAE@XZ 004105e0 f i usebuffer.obj
 0001:0000f600       ??1shared_count@detail@boost@@QAE@XZ 00410600 f i usebuffer.obj
 0001:0000f680       ??1sp_counted_base@detail@boost@@UAE@XZ 00410680 f i usebuffer.obj
 0001:0000f690       ??1system_error@system@boost@@UAE@XZ 00410690 f i usebuffer.obj
 0001:0000f700       ??1thread_resource_error@boost@@UAE@XZ 00410700 f i usebuffer.obj
 0001:0000f770       ??3@YAXPAX0@Z              00410770 f i usebuffer.obj
 0001:0000f780       ??4?$shared_ptr@V?$QList@USendMessageData@@@@@boost@@QAEAAV01@ABV01@@Z 00410780 f i usebuffer.obj
 0001:0000f840       ??A?$QMap@HVQString@@@@QAEAAVQString@@ABH@Z 00410840 f i usebuffer.obj
 0001:0000f930       ??A?$QMap@VQString@@H@@QAEAAHABVQString@@@Z 00410930 f i usebuffer.obj
 0001:0000f9d0       ??A?$QMap@VQString@@N@@QAEAANABVQString@@@Z 004109d0 f i usebuffer.obj
 0001:0000fa70       ??A?$QMap@VQString@@Uresponse_data@@@@QAEAAUresponse_data@@ABVQString@@@Z 00410a70 f i usebuffer.obj
 0001:0000fb80       ??A?$QMap@VQString@@V1@@@QAEAAVQString@@ABV1@@Z 00410b80 f i usebuffer.obj
 0001:0000fc70       ??A?$QMap@VQString@@V?$shared_ptr@V?$QList@USendMessageData@@@@@boost@@@@QAEAAV?$shared_ptr@V?$QList@USendMessageData@@@@@boost@@ABVQString@@@Z 00410c70 f i usebuffer.obj
 0001:0000fd60       ??A?$QMap@VQString@@VQStringList@@@@QAEAAVQStringList@@ABVQString@@@Z 00410d60 f i usebuffer.obj
 0001:0000fe50       ??H@YA?BVQString@@ABV0@0@Z 00410e50 f i usebuffer.obj
 0001:0000fed0       ??H@YA?BVQString@@ABV0@PBD@Z 00410ed0 f i usebuffer.obj
 0001:0000ff80       ??_D?$clone_impl@U?$error_info_injector@Ubad_day_of_month@gregorian@boost@@@exception_detail@boost@@@exception_detail@boost@@QAEXXZ 00410f80 f i usebuffer.obj
 0001:0000ffa0       ??_D?$clone_impl@U?$error_info_injector@Ubad_month@gregorian@boost@@@exception_detail@boost@@@exception_detail@boost@@QAEXXZ 00410fa0 f i usebuffer.obj
 0001:0000ffc0       ??_D?$clone_impl@U?$error_info_injector@Ubad_year@gregorian@boost@@@exception_detail@boost@@@exception_detail@boost@@QAEXXZ 00410fc0 f i usebuffer.obj
 0001:0000ffe0       ??_D?$clone_impl@U?$error_info_injector@Vlock_error@boost@@@exception_detail@boost@@@exception_detail@boost@@QAEXXZ 00410fe0 f i usebuffer.obj
 0001:00010030       ??_D?$clone_impl@U?$error_info_injector@Vthread_resource_error@boost@@@exception_detail@boost@@@exception_detail@boost@@QAEXXZ 00411030 f i usebuffer.obj
 0001:00010077       ??_E?$clone_impl@U?$error_info_injector@Ubad_day_of_month@gregorian@boost@@@exception_detail@boost@@@exception_detail@boost@@$4PPPPPPPM@CI@AEPAXI@Z 00411077 f i usebuffer.obj
 0001:00010084       ??_E?$clone_impl@U?$error_info_injector@Ubad_day_of_month@gregorian@boost@@@exception_detail@boost@@@exception_detail@boost@@WM@AEPAXI@Z 00411084 f i usebuffer.obj
 0001:0001008e       ??_E?$clone_impl@U?$error_info_injector@Ubad_month@gregorian@boost@@@exception_detail@boost@@@exception_detail@boost@@$4PPPPPPPM@CI@AEPAXI@Z 0041108e f i usebuffer.obj
 0001:0001009b       ??_E?$clone_impl@U?$error_info_injector@Ubad_month@gregorian@boost@@@exception_detail@boost@@@exception_detail@boost@@WM@AEPAXI@Z 0041109b f i usebuffer.obj
 0001:000100a5       ??_E?$clone_impl@U?$error_info_injector@Ubad_year@gregorian@boost@@@exception_detail@boost@@@exception_detail@boost@@$4PPPPPPPM@CI@AEPAXI@Z 004110a5 f i usebuffer.obj
 0001:000100b2       ??_E?$clone_impl@U?$error_info_injector@Ubad_year@gregorian@boost@@@exception_detail@boost@@@exception_detail@boost@@WM@AEPAXI@Z 004110b2 f i usebuffer.obj
 0001:000100bc       ??_E?$clone_impl@U?$error_info_injector@Vlock_error@boost@@@exception_detail@boost@@@exception_detail@boost@@$4PPPPPPPM@EI@AEPAXI@Z 004110bc f i usebuffer.obj
 0001:000100c9       ??_E?$clone_impl@U?$error_info_injector@Vlock_error@boost@@@exception_detail@boost@@@exception_detail@boost@@WCM@AEPAXI@Z 004110c9 f i usebuffer.obj
 0001:000100d3       ??_E?$clone_impl@U?$error_info_injector@Vthread_resource_error@boost@@@exception_detail@boost@@@exception_detail@boost@@$4PPPPPPPM@EI@AEPAXI@Z 004110d3 f i usebuffer.obj
 0001:000100e0       ??_E?$clone_impl@U?$error_info_injector@Vthread_resource_error@boost@@@exception_detail@boost@@@exception_detail@boost@@WCM@AEPAXI@Z 004110e0 f i usebuffer.obj
 0001:000100ea       ??_E?$error_info_injector@Ubad_day_of_month@gregorian@boost@@@exception_detail@boost@@WM@AEPAXI@Z 004110ea f i usebuffer.obj
 0001:000100f4       ??_E?$error_info_injector@Ubad_month@gregorian@boost@@@exception_detail@boost@@WM@AEPAXI@Z 004110f4 f i usebuffer.obj
 0001:000100fe       ??_E?$error_info_injector@Ubad_year@gregorian@boost@@@exception_detail@boost@@WM@AEPAXI@Z 004110fe f i usebuffer.obj
 0001:00010108       ??_E?$error_info_injector@Vlock_error@boost@@@exception_detail@boost@@WCM@AEPAXI@Z 00411108 f i usebuffer.obj
 0001:00010112       ??_E?$error_info_injector@Vthread_resource_error@boost@@@exception_detail@boost@@WCM@AEPAXI@Z 00411112 f i usebuffer.obj
 0001:00010120       ??_E?$unique_lock@Vmutex@boost@@@boost@@QAEPAXI@Z 00411120 f i usebuffer.obj
 0001:00010230       ??_FCCycleBuffer@@QAEXXZ   00411230 f i usebuffer.obj
 0001:00010240       ??_G?$clone_impl@U?$error_info_injector@Ubad_day_of_month@gregorian@boost@@@exception_detail@boost@@@exception_detail@boost@@UAEPAXI@Z 00411240 f i usebuffer.obj
 0001:00010240       ??_E?$clone_impl@U?$error_info_injector@Ubad_day_of_month@gregorian@boost@@@exception_detail@boost@@@exception_detail@boost@@UAEPAXI@Z 00411240 f i usebuffer.obj
 0001:00010280       ??_E?$clone_impl@U?$error_info_injector@Ubad_month@gregorian@boost@@@exception_detail@boost@@@exception_detail@boost@@UAEPAXI@Z 00411280 f i usebuffer.obj
 0001:00010280       ??_G?$clone_impl@U?$error_info_injector@Ubad_month@gregorian@boost@@@exception_detail@boost@@@exception_detail@boost@@UAEPAXI@Z 00411280 f i usebuffer.obj
 0001:000102c0       ??_G?$clone_impl@U?$error_info_injector@Ubad_year@gregorian@boost@@@exception_detail@boost@@@exception_detail@boost@@UAEPAXI@Z 004112c0 f i usebuffer.obj
 0001:000102c0       ??_E?$clone_impl@U?$error_info_injector@Ubad_year@gregorian@boost@@@exception_detail@boost@@@exception_detail@boost@@UAEPAXI@Z 004112c0 f i usebuffer.obj
 0001:00010300       ??_G?$clone_impl@U?$error_info_injector@Vlock_error@boost@@@exception_detail@boost@@@exception_detail@boost@@UAEPAXI@Z 00411300 f i usebuffer.obj
 0001:00010300       ??_E?$clone_impl@U?$error_info_injector@Vlock_error@boost@@@exception_detail@boost@@@exception_detail@boost@@UAEPAXI@Z 00411300 f i usebuffer.obj
 0001:00010370       ??_G?$clone_impl@U?$error_info_injector@Vthread_resource_error@boost@@@exception_detail@boost@@@exception_detail@boost@@UAEPAXI@Z 00411370 f i usebuffer.obj
 0001:00010370       ??_E?$clone_impl@U?$error_info_injector@Vthread_resource_error@boost@@@exception_detail@boost@@@exception_detail@boost@@UAEPAXI@Z 00411370 f i usebuffer.obj
 0001:000103e0       ??_E?$error_info_injector@Ubad_day_of_month@gregorian@boost@@@exception_detail@boost@@UAEPAXI@Z 004113e0 f i usebuffer.obj
 0001:000103e0       ??_G?$error_info_injector@Ubad_day_of_month@gregorian@boost@@@exception_detail@boost@@UAEPAXI@Z 004113e0 f i usebuffer.obj
 0001:000104a0       ??_G?$error_info_injector@Ubad_month@gregorian@boost@@@exception_detail@boost@@UAEPAXI@Z 004114a0 f i usebuffer.obj
 0001:000104a0       ??_E?$error_info_injector@Ubad_month@gregorian@boost@@@exception_detail@boost@@UAEPAXI@Z 004114a0 f i usebuffer.obj
 0001:00010560       ??_E?$error_info_injector@Ubad_year@gregorian@boost@@@exception_detail@boost@@UAEPAXI@Z 00411560 f i usebuffer.obj
 0001:00010560       ??_G?$error_info_injector@Ubad_year@gregorian@boost@@@exception_detail@boost@@UAEPAXI@Z 00411560 f i usebuffer.obj
 0001:00010620       ??_E?$error_info_injector@Vlock_error@boost@@@exception_detail@boost@@UAEPAXI@Z 00411620 f i usebuffer.obj
 0001:00010620       ??_G?$error_info_injector@Vlock_error@boost@@@exception_detail@boost@@UAEPAXI@Z 00411620 f i usebuffer.obj
 0001:00010650       ??_G?$error_info_injector@Vthread_resource_error@boost@@@exception_detail@boost@@UAEPAXI@Z 00411650 f i usebuffer.obj
 0001:00010650       ??_E?$error_info_injector@Vthread_resource_error@boost@@@exception_detail@boost@@UAEPAXI@Z 00411650 f i usebuffer.obj
 0001:00010680       ??_G?$sp_counted_impl_p@V?$QList@USendMessageData@@@@@detail@boost@@UAEPAXI@Z 00411680 f i usebuffer.obj
 0001:00010680       ??_E?$sp_counted_impl_p@V?$QList@USendMessageData@@@@@detail@boost@@UAEPAXI@Z 00411680 f i usebuffer.obj
 0001:000106b0       ??_Gbad_day_of_month@gregorian@boost@@UAEPAXI@Z 004116b0 f i usebuffer.obj
 0001:000106b0       ??_Ebad_day_of_month@gregorian@boost@@UAEPAXI@Z 004116b0 f i usebuffer.obj
 0001:000106f0       ??_Ebad_month@gregorian@boost@@UAEPAXI@Z 004116f0 f i usebuffer.obj
 0001:000106f0       ??_Gbad_month@gregorian@boost@@UAEPAXI@Z 004116f0 f i usebuffer.obj
 0001:00010730       ??_Ebad_year@gregorian@boost@@UAEPAXI@Z 00411730 f i usebuffer.obj
 0001:00010730       ??_Gbad_year@gregorian@boost@@UAEPAXI@Z 00411730 f i usebuffer.obj
 0001:00010770       ??_Gerror_category@system@boost@@UAEPAXI@Z 00411770 f i usebuffer.obj
 0001:00010770       ??_Eerror_category@system@boost@@UAEPAXI@Z 00411770 f i usebuffer.obj
 0001:000107a0       ??_Glock_error@boost@@UAEPAXI@Z 004117a0 f i usebuffer.obj
 0001:000107a0       ??_Elock_error@boost@@UAEPAXI@Z 004117a0 f i usebuffer.obj
 0001:00010830       ??_Elogic_error@std@@UAEPAXI@Z 00411830 f i usebuffer.obj
 0001:00010830       ??_Glogic_error@std@@UAEPAXI@Z 00411830 f i usebuffer.obj
 0001:00010870       ??_Emisc_category@detail@error@asio@boost@@UAEPAXI@Z 00411870 f i usebuffer.obj
 0001:00010870       ??_Gmisc_category@detail@error@asio@boost@@UAEPAXI@Z 00411870 f i usebuffer.obj
 0001:000108a0       ??_Eout_of_range@std@@UAEPAXI@Z 004118a0 f i usebuffer.obj
 0001:000108a0       ??_Gout_of_range@std@@UAEPAXI@Z 004118a0 f i usebuffer.obj
 0001:000108e0       ??_Gruntime_error@std@@UAEPAXI@Z 004118e0 f i usebuffer.obj
 0001:000108e0       ??_Eruntime_error@std@@UAEPAXI@Z 004118e0 f i usebuffer.obj
 0001:00010920       ??_Gsp_counted_base@detail@boost@@UAEPAXI@Z 00411920 f i usebuffer.obj
 0001:00010920       ??_Esp_counted_base@detail@boost@@UAEPAXI@Z 00411920 f i usebuffer.obj
 0001:00010950       ??_Gsystem_error@system@boost@@UAEPAXI@Z 00411950 f i usebuffer.obj
 0001:00010950       ??_Esystem_error@system@boost@@UAEPAXI@Z 00411950 f i usebuffer.obj
 0001:000109e0       ??_Gthread_exception@boost@@UAEPAXI@Z 004119e0 f i usebuffer.obj
 0001:000109e0       ??_Ethread_exception@boost@@UAEPAXI@Z 004119e0 f i usebuffer.obj
 0001:00010a70       ??_Ethread_resource_error@boost@@UAEPAXI@Z 00411a70 f i usebuffer.obj
 0001:00010a70       ??_Gthread_resource_error@boost@@UAEPAXI@Z 00411a70 f i usebuffer.obj
 0001:00010b00       ??_H@YGXPAXIIP6EPAX0@Z@Z   00411b00 f i usebuffer.obj
 0001:00010b30       ?ClearBuff@UserBuffer@@QAEXXZ 00411b30 f   usebuffer.obj
 0001:00010dc0       ?ClearFrontSendList@UserBuffer@@QAEXXZ 00411dc0 f   usebuffer.obj
 0001:00010e80       ?FrontSendList@UserBuffer@@QAEAAUSendMessageData@@ABVQString@@@Z 00411e80 f   usebuffer.obj
 0001:00011040       ?GetBmqBeginZdJsz@UserBuffer@@QAEHABVQString@@@Z 00412040 f   usebuffer.obj
 0001:00011140       ?GetBmqJsz@UserBuffer@@QAEHABVQString@@ABH@Z 00412140 f   usebuffer.obj
 0001:00011270       ?GetBmqNewestJsz@UserBuffer@@QAEHABVQString@@@Z 00412270 f   usebuffer.obj
 0001:00011370       ?GetBmqZdjl@UserBuffer@@QAENABVQString@@@Z 00412370 f   usebuffer.obj
 0001:00011480       ?GetInstance@UserBuffer@@SAPAV1@XZ 00412480 f   usebuffer.obj
 0001:00011b80       ??1io_service_pool@@QAE@XZ 00412b80 f i server.obj
 0001:00011d40       ?InitDBSqlBuff@UserBuffer@@QAEXHABVQString@@0@Z 00412d40 f   usebuffer.obj
 0001:00012100       ?InitDBSqlBuffAll@UserBuffer@@QAEXHABVQString@@0@Z 00413100 f   usebuffer.obj
 0001:000122e0       ?IsEmptyDatabaseQueue@UserBuffer@@QAE_NXZ 004132e0 f   usebuffer.obj
 0001:000123a0       ?IsEmptySendList@UserBuffer@@QAE_NABVQString@@@Z 004133a0 f   usebuffer.obj
 0001:000124c0       ?IsEmptyUserDLData@UserBuffer@@QAE_NXZ 004134c0 f   usebuffer.obj
 0001:000124d0       ?PopCanDeviceQueue@UserBuffer@@QAE?AUdevice_buf@@XZ 004134d0 f   usebuffer.obj
 0001:00012640       ?PopDatabaseQueue@UserBuffer@@QAE?AVQString@@XZ 00413640 f   usebuffer.obj
 0001:00012770       ?PopFrontSendList@UserBuffer@@QAEXABVQString@@@Z 00413770 f   usebuffer.obj
 0001:000128b0       ?PopResponseQueue@UserBuffer@@QAE?AVQString@@ABV2@@Z 004138b0 f   usebuffer.obj
 0001:00012a10       ?PopUserDLData@UserBuffer@@QAE?AVQStringList@@XZ 00413a10 f   usebuffer.obj
 0001:00012b00       ?PushBackSendList@UserBuffer@@QAEXABVQString@@ABUSendMessageData@@@Z 00413b00 f   usebuffer.obj
 0001:00012cd0       ?PushCanDeviceQueue@UserBuffer@@QAEXABUdevice_buf@@@Z 00413cd0 f   usebuffer.obj
 0001:00012de0       ?PushDatabaseQueue@UserBuffer@@QAEXHABVQString@@@Z 00413de0 f   usebuffer.obj
 0001:00013010       ?PushDatabaseQueueAll@UserBuffer@@QAEXABVQString@@H@Z 00414010 f   usebuffer.obj
 0001:00013170       ?PushResponseQueue@UserBuffer@@QAEXABVQString@@ABUresponse_data@@@Z 00414170 f   usebuffer.obj
 0001:00013260       ?PushUserDLData@UserBuffer@@QAEXABVQStringList@@@Z 00414260 f   usebuffer.obj
 0001:00013330       ?ReadDeviceToClientMap@UserBuffer@@QAE?AVQStringList@@ABVQString@@@Z 00414330 f   usebuffer.obj
 0001:00013580       ?ReadDeviceToDhData@UserBuffer@@QAE?AVQString@@ABV2@@Z 00414580 f   usebuffer.obj
 0001:00013780       ?ReadDhxzBuffer@UserBuffer@@QAE?AVQString@@XZ 00414780 f   usebuffer.obj
 0001:000137b0       ?Read_buffer@UserBuffer@@QAE_NHPADH@Z 004147b0 f   usebuffer.obj
 0001:00013910       ?ReturnDatabaseQueueSize@UserBuffer@@QAEHXZ 00414910 f   usebuffer.obj
 0001:000139d0       ?SetBmqBeginZdJsz@UserBuffer@@QAEXABVQString@@ABH@Z 004149d0 f   usebuffer.obj
 0001:00013aa0       ?SetBmqJsz@UserBuffer@@QAEXABVQString@@ABH1@Z 00414aa0 f   usebuffer.obj
 0001:00013c80       ?SetBmqNewestJsz@UserBuffer@@QAEXABVQString@@ABH@Z 00414c80 f   usebuffer.obj
 0001:00013d50       ?TestRead_buffer@UserBuffer@@QAE_NXZ 00414d50 f   usebuffer.obj
 0001:00013d70       ?WriteDeviceToClientMap@UserBuffer@@QAEXABVQString@@0@Z 00414d70 f   usebuffer.obj
 0001:00013e50       ?WriteDeviceToDhData@UserBuffer@@QAEXABVQString@@0@Z 00414e50 f   usebuffer.obj
 0001:00013f30       ?WriteDhxzBuffer@UserBuffer@@QAEXABVQString@@@Z 00414f30 f   usebuffer.obj
 0001:00013f40       ?Write_buffer@UserBuffer@@QAE_NHPADH@Z 00414f40 f   usebuffer.obj
 0001:00014050       ?_Copy@?$basic_string@DU?$char_traits@D@std@@V?$allocator@D@2@@std@@QAEXII@Z 00415050 f i usebuffer.obj
 0001:00014260       ?_Deallocate@std@@YAXPAXII@Z 00415260 f i usebuffer.obj
 0001:000142e0       ?_Reallocate@?$vector@V?$intrusive_ptr@Vbasic_cv_list_entry@detail@boost@@@boost@@V?$allocator@V?$intrusive_ptr@Vbasic_cv_list_entry@detail@boost@@@boost@@@std@@@std@@IAEXI@Z 004152e0 f i usebuffer.obj
 0001:000143e0       ?_Reserve@?$vector@V?$intrusive_ptr@Vbasic_cv_list_entry@detail@boost@@@boost@@V?$allocator@V?$intrusive_ptr@Vbasic_cv_list_entry@detail@boost@@@boost@@@std@@@std@@IAEXI@Z 004153e0 f i usebuffer.obj
 0001:00014460       ?allocate@?$_Wrap_alloc@V?$allocator@D@std@@@std@@QAEPADI@Z 00415460 f i usebuffer.obj
 0001:000144d0       ?allocate@?$allocator@V?$intrusive_ptr@Vbasic_cv_list_entry@detail@boost@@@boost@@@std@@QAEPAV?$intrusive_ptr@Vbasic_cv_list_entry@detail@boost@@@boost@@I@Z 004154d0 f i usebuffer.obj
 0001:00014560       ?append@?$QList@USendMessageData@@@@QAEXABUSendMessageData@@@Z 00415560 f i usebuffer.obj
 0001:00014640       ?append@?$QList@Udevice_buf@@@@QAEXABUdevice_buf@@@Z 00415640 f i usebuffer.obj
 0001:00014720       ?append@?$QList@VQString@@@@QAEXABVQString@@@Z 00415720 f i usebuffer.obj
 0001:00014800       ?append@?$QList@VQStringList@@@@QAEXABVQStringList@@@Z 00415800 f i usebuffer.obj
 0001:00014920       ?append@?$basic_string@DU?$char_traits@D@std@@V?$allocator@D@2@@std@@QAEAAV12@ABV12@II@Z 00415920 f i usebuffer.obj
 0001:00014a50       ?append@?$basic_string@DU?$char_traits@D@std@@V?$allocator@D@2@@std@@QAEAAV12@PBDI@Z 00415a50 f i usebuffer.obj
 0001:00014bc0       ?assign@?$basic_string@DU?$char_traits@D@std@@V?$allocator@D@2@@std@@QAEAAV12@ABV12@II@Z 00415bc0 f i usebuffer.obj
 0001:00014d20       ?assign@?$basic_string@DU?$char_traits@D@std@@V?$allocator@D@2@@std@@QAEAAV12@PBDI@Z 00415d20 f i usebuffer.obj
 0001:00014e53       ?clone@?$clone_impl@U?$error_info_injector@Ubad_day_of_month@gregorian@boost@@@exception_detail@boost@@@exception_detail@boost@@$0PPPPPPPM@A@BEPBVclone_base@23@XZ 00415e53 f i usebuffer.obj
 0001:00014e60       ?clone@?$clone_impl@U?$error_info_injector@Ubad_day_of_month@gregorian@boost@@@exception_detail@boost@@@exception_detail@boost@@EBEPBVclone_base@23@XZ 00415e60 f i usebuffer.obj
 0001:00014efe       ?clone@?$clone_impl@U?$error_info_injector@Ubad_month@gregorian@boost@@@exception_detail@boost@@@exception_detail@boost@@$0PPPPPPPM@A@BEPBVclone_base@23@XZ 00415efe f i usebuffer.obj
 0001:00014f10       ?clone@?$clone_impl@U?$error_info_injector@Ubad_month@gregorian@boost@@@exception_detail@boost@@@exception_detail@boost@@EBEPBVclone_base@23@XZ 00415f10 f i usebuffer.obj
 0001:00014fae       ?clone@?$clone_impl@U?$error_info_injector@Ubad_year@gregorian@boost@@@exception_detail@boost@@@exception_detail@boost@@$0PPPPPPPM@A@BEPBVclone_base@23@XZ 00415fae f i usebuffer.obj
 0001:00014fc0       ?clone@?$clone_impl@U?$error_info_injector@Ubad_year@gregorian@boost@@@exception_detail@boost@@@exception_detail@boost@@EBEPBVclone_base@23@XZ 00415fc0 f i usebuffer.obj
 0001:0001505e       ?clone@?$clone_impl@U?$error_info_injector@Vlock_error@boost@@@exception_detail@boost@@@exception_detail@boost@@$0PPPPPPPM@A@BEPBVclone_base@23@XZ 0041605e f i usebuffer.obj
 0001:00015070       ?clone@?$clone_impl@U?$error_info_injector@Vlock_error@boost@@@exception_detail@boost@@@exception_detail@boost@@EBEPBVclone_base@23@XZ 00416070 f i usebuffer.obj
 0001:00015110       ?clone@?$clone_impl@U?$error_info_injector@Vsystem_error@system@boost@@@exception_detail@boost@@@exception_detail@boost@@EBEPBVclone_base@23@XZ 00416110 f i usebuffer.obj
 0001:000151ae       ?clone@?$clone_impl@U?$error_info_injector@Vthread_resource_error@boost@@@exception_detail@boost@@@exception_detail@boost@@$0PPPPPPPM@A@BEPBVclone_base@23@XZ 004161ae f i usebuffer.obj
 0001:000151c0       ?clone@?$clone_impl@U?$error_info_injector@Vthread_resource_error@boost@@@exception_detail@boost@@@exception_detail@boost@@EBEPBVclone_base@23@XZ 004161c0 f i usebuffer.obj
 0001:00015260       ?clone@?$clone_impl@Ubad_alloc_@exception_detail@boost@@@exception_detail@boost@@EBEPBVclone_base@23@XZ 00416260 f i usebuffer.obj
 0001:00015370       ?clone@?$clone_impl@Ubad_exception_@exception_detail@boost@@@exception_detail@boost@@EBEPBVclone_base@23@XZ 00416370 f i usebuffer.obj
 0001:00015480       ?copy@?$QMapNode@HVQString@@@@QBEPAU1@PAU?$QMapData@HVQString@@@@@Z 00416480 f i usebuffer.obj
 0001:00015530       ?copy@?$QMapNode@VQString@@H@@QBEPAU1@PAU?$QMapData@VQString@@H@@@Z 00416530 f i usebuffer.obj
 0001:000155e0       ?copy@?$QMapNode@VQString@@N@@QBEPAU1@PAU?$QMapData@VQString@@N@@@Z 004165e0 f i usebuffer.obj
 0001:00015690       ?copy@?$QMapNode@VQString@@Uresponse_data@@@@QBEPAU1@PAU?$QMapData@VQString@@Uresponse_data@@@@@Z 00416690 f i usebuffer.obj
 0001:00015740       ?copy@?$QMapNode@VQString@@V1@@@QBEPAU1@PAU?$QMapData@VQString@@V1@@@@Z 00416740 f i usebuffer.obj
 0001:000157f0       ?copy@?$QMapNode@VQString@@V?$shared_ptr@V?$QList@USendMessageData@@@@@boost@@@@QBEPAU1@PAU?$QMapData@VQString@@V?$shared_ptr@V?$QList@USendMessageData@@@@@boost@@@@@Z 004167f0 f i usebuffer.obj
 0001:000158a0       ?copy@?$QMapNode@VQString@@VQStringList@@@@QBEPAU1@PAU?$QMapData@VQString@@VQStringList@@@@@Z 004168a0 f i usebuffer.obj
 0001:00015950       ?copy_boost_exception@exception_detail@boost@@YAXPAVexception@2@PBV32@@Z 00416950 f i usebuffer.obj
 0001:00015a50       ?createNode@?$QMapData@HVQString@@@@QAEPAU?$QMapNode@HVQString@@@@ABHABVQString@@PAU2@_N@Z 00416a50 f i usebuffer.obj
 0001:00015aa0       ?createNode@?$QMapData@VQString@@H@@QAEPAU?$QMapNode@VQString@@H@@ABVQString@@ABHPAU2@_N@Z 00416aa0 f i usebuffer.obj
 0001:00015af0       ?createNode@?$QMapData@VQString@@N@@QAEPAU?$QMapNode@VQString@@N@@ABVQString@@ABNPAU2@_N@Z 00416af0 f i usebuffer.obj
 0001:00015b40       ?createNode@?$QMapData@VQString@@Uresponse_data@@@@QAEPAU?$QMapNode@VQString@@Uresponse_data@@@@ABVQString@@ABUresponse_data@@PAU2@_N@Z 00416b40 f i usebuffer.obj
 0001:00015bb0       ?createNode@?$QMapData@VQString@@V1@@@QAEPAU?$QMapNode@VQString@@V1@@@ABVQString@@0PAU2@_N@Z 00416bb0 f i usebuffer.obj
 0001:00015c00       ?createNode@?$QMapData@VQString@@V?$shared_ptr@V?$QList@USendMessageData@@@@@boost@@@@QAEPAU?$QMapNode@VQString@@V?$shared_ptr@V?$QList@USendMessageData@@@@@boost@@@@ABVQString@@ABV?$shared_ptr@V?$QList@USendMessageData@@@@@boost@@PAU2@_N@Z 00416c00 f i usebuffer.obj
 0001:00015c70       ?createNode@?$QMapData@VQString@@VQStringList@@@@QAEPAU?$QMapNode@VQString@@VQStringList@@@@ABVQString@@ABVQStringList@@PAU2@_N@Z 00416c70 f i usebuffer.obj
 0001:00015d50       ?dealloc@?$QList@USendMessageData@@@@AAEXPAUData@QListData@@@Z 00416d50 f i usebuffer.obj
 0001:00015db0       ?dealloc@?$QList@Udevice_buf@@@@AAEXPAUData@QListData@@@Z 00416db0 f i usebuffer.obj
 0001:00015e10       ?default_error_condition@error_category@system@boost@@UBE?AVerror_condition@23@H@Z 00416e10 f i usebuffer.obj
 0001:00015e30       ?deliver_signal@signal_set_service@detail@asio@boost@@SAXH@Z 00416e30 f i usebuffer.obj
 0001:00015f40       ?dequeue@?$QQueue@VQString@@@@QAE?AVQString@@XZ 00416f40 f i usebuffer.obj
 0001:00015f70       ?dequeue@?$QQueue@VQStringList@@@@QAE?AVQStringList@@XZ 00416f70 f i usebuffer.obj
 0001:00015fa0       ?destroySubTree@?$QMapNode@HVQString@@@@QAEXXZ 00416fa0 f i usebuffer.obj
 0001:00015fd0       ?destroySubTree@?$QMapNode@VQString@@H@@QAEXXZ 00416fd0 f i usebuffer.obj
 0001:00016000       ?destroySubTree@?$QMapNode@VQString@@N@@QAEXXZ 00417000 f i usebuffer.obj
 0001:00016030       ?destroySubTree@?$QMapNode@VQString@@Uresponse_data@@@@QAEXXZ 00417030 f i usebuffer.obj
 0001:00016080       ?destroySubTree@?$QMapNode@VQString@@V1@@@QAEXXZ 00417080 f i usebuffer.obj
 0001:000160c0       ?destroySubTree@?$QMapNode@VQString@@V?$QList@USendMessageData@@@@@@QAEXXZ 004170c0 f i usebuffer.obj
 0001:00016170       ?destroySubTree@?$QMapNode@VQString@@V?$shared_ptr@V?$QList@USendMessageData@@@@@boost@@@@QAEXXZ 00417170 f i usebuffer.obj
 0001:00016230       ?destroySubTree@?$QMapNode@VQString@@VQStringList@@@@QAEXXZ 00417230 f i usebuffer.obj
 0001:00016270       ?detach_helper@?$QList@USendMessageData@@@@AAEXH@Z 00417270 f i usebuffer.obj
 0001:00016370       ?detach_helper@?$QList@Udevice_buf@@@@AAEXH@Z 00417370 f i usebuffer.obj
 0001:00016470       ?detach_helper@?$QList@VQString@@@@AAEXH@Z 00417470 f i usebuffer.obj
 0001:000165a0       ?detach_helper@?$QList@VQStringList@@@@AAEXH@Z 004175a0 f i usebuffer.obj
 0001:000166c0       ?detach_helper@?$QMap@HVQString@@@@AAEXXZ 004176c0 f i usebuffer.obj
 0001:00016790       ?detach_helper@?$QMap@VQString@@H@@AAEXXZ 00417790 f i usebuffer.obj
 0001:00016860       ?detach_helper@?$QMap@VQString@@N@@AAEXXZ 00417860 f i usebuffer.obj
 0001:00016930       ?detach_helper@?$QMap@VQString@@Uresponse_data@@@@AAEXXZ 00417930 f i usebuffer.obj
 0001:000169d0       ?detach_helper@?$QMap@VQString@@V1@@@AAEXXZ 004179d0 f i usebuffer.obj
 0001:00016a70       ?detach_helper@?$QMap@VQString@@V?$shared_ptr@V?$QList@USendMessageData@@@@@boost@@@@AAEXXZ 00417a70 f i usebuffer.obj
 0001:00016b10       ?detach_helper@?$QMap@VQString@@VQStringList@@@@AAEXXZ 00417b10 f i usebuffer.obj
 0001:00016bf0       ?detach_helper_grow@?$QList@USendMessageData@@@@AAEPAUNode@1@HH@Z 00417bf0 f i usebuffer.obj
 0001:00016d90       ?detach_helper_grow@?$QList@Udevice_buf@@@@AAEPAUNode@1@HH@Z 00417d90 f i usebuffer.obj
 0001:00016f30       ?detach_helper_grow@?$QList@VQString@@@@AAEPAUNode@1@HH@Z 00417f30 f i usebuffer.obj
 0001:00017110       ?detach_helper_grow@?$QList@VQStringList@@@@AAEPAUNode@1@HH@Z 00418110 f i usebuffer.obj
 0001:000172d0       ?dispose@?$sp_counted_impl_p@V?$QList@USendMessageData@@@@@detail@boost@@UAEXXZ 004182d0 f i usebuffer.obj
 0001:00017360       ?do_throw_error@detail@asio@boost@@YAXABVerror_code@system@3@PBD@Z 00418360 f i usebuffer.obj
 0001:00017410       ?duplicate_handle@win32@detail@boost@@YAPAXPAX@Z 00418410 f i usebuffer.obj
 0001:000174c0       ?equivalent@error_category@system@boost@@UBE_NABVerror_code@23@H@Z 004184c0 f i usebuffer.obj
 0001:000174f0       ?equivalent@error_category@system@boost@@UBE_NHABVerror_condition@23@@Z 004184f0 f i usebuffer.obj
 0001:00017530       ?erase@?$QList@USendMessageData@@@@QAE?AViterator@1@V21@@Z 00418530 f i usebuffer.obj
 0001:000175c0       ?erase@?$QList@Udevice_buf@@@@QAE?AViterator@1@V21@@Z 004185c0 f i usebuffer.obj
 0001:00017650       ?erase@?$QList@VQString@@@@QAE?AViterator@1@V21@@Z 00418650 f i usebuffer.obj
 0001:000176e0       ?erase@?$QList@VQStringList@@@@QAE?AViterator@1@V21@@Z 004186e0 f i usebuffer.obj
 0001:00017770       ?erase@?$basic_string@DU?$char_traits@D@std@@V?$allocator@D@2@@std@@QAEAAV12@II@Z 00418770 f i usebuffer.obj
 0001:00017840       ?findNode@?$QMapData@HVQString@@@@QBEPAU?$QMapNode@HVQString@@@@ABH@Z 00418840 f i usebuffer.obj
 0001:00017890       ?findNode@?$QMapData@VQString@@H@@QBEPAU?$QMapNode@VQString@@H@@ABVQString@@@Z 00418890 f i usebuffer.obj
 0001:000178e0       ?findNode@?$QMapData@VQString@@N@@QBEPAU?$QMapNode@VQString@@N@@ABVQString@@@Z 004188e0 f i usebuffer.obj
 0001:00017930       ?findNode@?$QMapData@VQString@@Uresponse_data@@@@QBEPAU?$QMapNode@VQString@@Uresponse_data@@@@ABVQString@@@Z 00418930 f i usebuffer.obj
 0001:00017980       ?findNode@?$QMapData@VQString@@V1@@@QBEPAU?$QMapNode@VQString@@V1@@@ABVQString@@@Z 00418980 f i usebuffer.obj
 0001:000179d0       ?findNode@?$QMapData@VQString@@V?$shared_ptr@V?$QList@USendMessageData@@@@@boost@@@@QBEPAU?$QMapNode@VQString@@V?$shared_ptr@V?$QList@USendMessageData@@@@@boost@@@@ABVQString@@@Z 004189d0 f i usebuffer.obj
 0001:00017a20       ?findNode@?$QMapData@VQString@@VQStringList@@@@QBEPAU?$QMapNode@VQString@@VQStringList@@@@ABVQString@@@Z 00418a20 f i usebuffer.obj
 0001:00017a70       ?get_deleter@?$sp_counted_impl_p@V?$QList@USendMessageData@@@@@detail@boost@@UAEPAXABVtype_info@@@Z 00418a70 f i usebuffer.obj
 0001:00017a80       ?get_event@basic_timed_mutex@detail@boost@@AAEPAXXZ 00418a80 f i usebuffer.obj
 0001:00017b30       ?get_misc_category@error@asio@boost@@YAABVerror_category@system@3@XZ 00418b30 f i usebuffer.obj
 0001:00017bb0       ?get_signal_state@detail@asio@boost@@YAPAUsignal_state@123@XZ 00418bb0 f i usebuffer.obj
 0001:00017bc0       ?get_untyped_deleter@?$sp_counted_impl_p@V?$QList@USendMessageData@@@@@detail@boost@@UAEPAXXZ 00418bc0 f i usebuffer.obj
 0001:00017bd0       ?get_wait_entry@basic_condition_variable@detail@boost@@AAE?AV?$intrusive_ptr@Vbasic_cv_list_entry@detail@boost@@@3@XZ 00418bd0 f i usebuffer.obj
 0001:00017d90       ?insert@?$QMap@HVQString@@@@QAE?AViterator@1@ABHABVQString@@@Z 00418d90 f i usebuffer.obj
 0001:00017e50       ?insert@?$QMap@VQString@@H@@QAE?AViterator@1@ABVQString@@ABH@Z 00418e50 f i usebuffer.obj
 0001:00017f30       ?insert@?$QMap@VQString@@N@@QAE?AViterator@1@ABVQString@@ABN@Z 00418f30 f i usebuffer.obj
 0001:00018020       ?insert@?$QMap@VQString@@Uresponse_data@@@@QAE?AViterator@1@ABVQString@@ABUresponse_data@@@Z 00419020 f i usebuffer.obj
 0001:00018120       ?insert@?$QMap@VQString@@V1@@@QAE?AViterator@1@ABVQString@@0@Z 00419120 f i usebuffer.obj
 0001:00018210       ?insert@?$QMap@VQString@@V?$shared_ptr@V?$QList@USendMessageData@@@@@boost@@@@QAE?AViterator@1@ABVQString@@ABV?$shared_ptr@V?$QList@USendMessageData@@@@@boost@@@Z 00419210 f i usebuffer.obj
 0001:00018300       ?insert@?$QMap@VQString@@VQStringList@@@@QAE?AViterator@1@ABVQString@@ABVQStringList@@@Z 00419300 f i usebuffer.obj
 0001:00018410       ?lock@?$unique_lock@Vmutex@boost@@@boost@@QAEXXZ 00419410 f i usebuffer.obj
 0001:00018530       ?lock@?$unique_lock@Vrecursive_mutex@boost@@@boost@@QAEXXZ 00419530 f i usebuffer.obj
 0001:00018680       ?lock@basic_timed_mutex@detail@boost@@QAEXXZ 00419680 f i usebuffer.obj
 0001:00018720       ?lowerBound@?$QMapNode@VQString@@H@@QAEPAU1@ABVQString@@@Z 00419720 f i usebuffer.obj
 0001:00018770       ?lowerBound@?$QMapNode@VQString@@N@@QAEPAU1@ABVQString@@@Z 00419770 f i usebuffer.obj
 0001:000187c0       ?lowerBound@?$QMapNode@VQString@@Uresponse_data@@@@QAEPAU1@ABVQString@@@Z 004197c0 f i usebuffer.obj
 0001:00018810       ?lowerBound@?$QMapNode@VQString@@V1@@@QAEPAU1@ABVQString@@@Z 00419810 f i usebuffer.obj
 0001:00018860       ?lowerBound@?$QMapNode@VQString@@V?$shared_ptr@V?$QList@USendMessageData@@@@@boost@@@@QAEPAU1@ABVQString@@@Z 00419860 f i usebuffer.obj
 0001:000188b0       ?lowerBound@?$QMapNode@VQString@@VQStringList@@@@QAEPAU1@ABVQString@@@Z 004198b0 f i usebuffer.obj
 0001:00018900       ?mark_waiting_and_try_lock@basic_timed_mutex@detail@boost@@QAEXAAJ@Z 00419900 f i usebuffer.obj
 0001:00018960       ?message@error_code@system@boost@@QBE?AV?$basic_string@DU?$char_traits@D@std@@V?$allocator@D@2@@std@@XZ 00419960 f i usebuffer.obj
 0001:00018990       ?message@misc_category@detail@error@asio@boost@@UBE?AV?$basic_string@DU?$char_traits@D@std@@V?$allocator@D@2@@std@@H@Z 00419990 f i usebuffer.obj
 0001:00018a70       ?name@misc_category@detail@error@asio@boost@@UBEPBDXZ 00419a70 f i usebuffer.obj
 0001:00018a80       ?node_copy@?$QList@USendMessageData@@@@AAEXPAUNode@1@00@Z 00419a80 f i usebuffer.obj
 0001:00018b70       ?node_copy@?$QList@Udevice_buf@@@@AAEXPAUNode@1@00@Z 00419b70 f i usebuffer.obj
 0001:00018c60       ?node_copy@?$QList@VQString@@@@AAEXPAUNode@1@00@Z 00419c60 f i usebuffer.obj
 0001:00018ca0       ?node_copy@?$QList@VQStringList@@@@AAEXPAUNode@1@00@Z 00419ca0 f i usebuffer.obj
 0001:00018d70       ?node_destruct@?$QList@USendMessageData@@@@AAEXPAUNode@1@0@Z 00419d70 f i usebuffer.obj
 0001:00018db0       ?node_destruct@?$QList@Udevice_buf@@@@AAEXPAUNode@1@0@Z 00419db0 f i usebuffer.obj
 0001:00018df0       ?node_destruct@?$QList@VQString@@@@AAEXPAUNode@1@0@Z 00419df0 f i usebuffer.obj
 0001:00018e20       ?node_destruct@?$QList@VQStringList@@@@AAEXPAUNode@1@0@Z 00419e20 f i usebuffer.obj
 0001:00018f00       ?notify_all@basic_condition_variable@detail@boost@@QAEXXZ 00419f00 f i usebuffer.obj
 0001:00019040       ?post_deferred_completions@win_iocp_io_service@detail@asio@boost@@QAEXAAV?$op_queue@Vwin_iocp_operation@detail@asio@boost@@@234@@Z 0041a040 f i usebuffer.obj
 0001:00019130       ?push_back@?$vector@V?$intrusive_ptr@Vbasic_cv_list_entry@detail@boost@@@boost@@V?$allocator@V?$intrusive_ptr@Vbasic_cv_list_entry@detail@boost@@@boost@@@std@@@std@@QAEXABV?$intrusive_ptr@Vbasic_cv_list_entry@detail@boost@@@boost@@@Z 0041a130 f i usebuffer.obj
 0001:000191ab       ?rethrow@?$clone_impl@U?$error_info_injector@Ubad_day_of_month@gregorian@boost@@@exception_detail@boost@@@exception_detail@boost@@$0PPPPPPPM@A@BEXXZ 0041a1ab f i usebuffer.obj
 0001:000191c0       ?rethrow@?$clone_impl@U?$error_info_injector@Ubad_day_of_month@gregorian@boost@@@exception_detail@boost@@@exception_detail@boost@@EBEXXZ 0041a1c0 f i usebuffer.obj
 0001:00019279       ?rethrow@?$clone_impl@U?$error_info_injector@Ubad_month@gregorian@boost@@@exception_detail@boost@@@exception_detail@boost@@$0PPPPPPPM@A@BEXXZ 0041a279 f i usebuffer.obj
 0001:00019290       ?rethrow@?$clone_impl@U?$error_info_injector@Ubad_month@gregorian@boost@@@exception_detail@boost@@@exception_detail@boost@@EBEXXZ 0041a290 f i usebuffer.obj
 0001:00019349       ?rethrow@?$clone_impl@U?$error_info_injector@Ubad_year@gregorian@boost@@@exception_detail@boost@@@exception_detail@boost@@$0PPPPPPPM@A@BEXXZ 0041a349 f i usebuffer.obj
 0001:00019360       ?rethrow@?$clone_impl@U?$error_info_injector@Ubad_year@gregorian@boost@@@exception_detail@boost@@@exception_detail@boost@@EBEXXZ 0041a360 f i usebuffer.obj
 0001:00019419       ?rethrow@?$clone_impl@U?$error_info_injector@Vlock_error@boost@@@exception_detail@boost@@@exception_detail@boost@@$0PPPPPPPM@A@BEXXZ 0041a419 f i usebuffer.obj
 0001:00019430       ?rethrow@?$clone_impl@U?$error_info_injector@Vlock_error@boost@@@exception_detail@boost@@@exception_detail@boost@@EBEXXZ 0041a430 f i usebuffer.obj
 0001:000194f0       ?rethrow@?$clone_impl@U?$error_info_injector@Vsystem_error@system@boost@@@exception_detail@boost@@@exception_detail@boost@@EBEXXZ 0041a4f0 f i usebuffer.obj
 0001:00019528       ?rethrow@?$clone_impl@U?$error_info_injector@Vthread_resource_error@boost@@@exception_detail@boost@@@exception_detail@boost@@$0PPPPPPPM@A@BEXXZ 0041a528 f i usebuffer.obj
 0001:00019540       ?rethrow@?$clone_impl@U?$error_info_injector@Vthread_resource_error@boost@@@exception_detail@boost@@@exception_detail@boost@@EBEXXZ 0041a540 f i usebuffer.obj
 0001:00019600       ?rethrow@?$clone_impl@Ubad_alloc_@exception_detail@boost@@@exception_detail@boost@@EBEXXZ 0041a600 f i usebuffer.obj
 0001:000196c0       ?rethrow@?$clone_impl@Ubad_exception_@exception_detail@boost@@@exception_detail@boost@@EBEXXZ 0041a6c0 f i usebuffer.obj
 0001:00019780       ?sp_enable_shared_from_this@detail@boost@@YAXZZ 0041a780 f i usebuffer.obj
 0001:00019790       ?takeFirst@?$QList@VQString@@@@QAE?AVQString@@XZ 0041a790 f i usebuffer.obj
 0001:00019870       ?takeFirst@?$QList@VQStringList@@@@QAE?AVQStringList@@XZ 0041a870 f i usebuffer.obj
 0001:00019950       ?unspecified_bool_true@error_code@system@boost@@SAXXZ 0041a950 f i usebuffer.obj
 0001:00019960       _boost_asio_signal_handler 0041a960 f i usebuffer.obj
 0001:000199b0       ?qCleanupResources_Lifter_server_mscv@@YAHXZ 0041a9b0 f   qrc_Lifter_server_mscv.obj
 0001:000199c0       ?qInitResources_Lifter_server_mscv@@YAHXZ 0041a9c0 f   qrc_Lifter_server_mscv.obj
 0001:000199d0       ?metaObject@Lifter_server_mscv@@UBEPBUQMetaObject@@XZ 0041a9d0 f   moc_Lifter_server_mscv.obj
 0001:000199f0       ?metaObject@Thread@@UBEPBUQMetaObject@@XZ 0041a9f0 f   moc_Lifter_server_mscv.obj
 0001:00019a10       ?qt_metacall@Lifter_server_mscv@@UAEHW4Call@QMetaObject@@HPAPAX@Z 0041aa10 f   moc_Lifter_server_mscv.obj
 0001:00019ab0       ?qt_metacall@Thread@@UAEHW4Call@QMetaObject@@HPAPAX@Z 0041aab0 f   moc_Lifter_server_mscv.obj
 0001:00019b30       ?qt_metacast@Lifter_server_mscv@@UAEPAXPBD@Z 0041ab30 f   moc_Lifter_server_mscv.obj
 0001:00019bb0       ?qt_metacast@Thread@@UAEPAXPBD@Z 0041abb0 f   moc_Lifter_server_mscv.obj
 0001:00019c30       ?qt_static_metacall@Lifter_server_mscv@@CAXPAVQObject@@W4Call@QMetaObject@@HPAPAX@Z 0041ac30 f   moc_Lifter_server_mscv.obj
 0001:00019c70       ?qt_static_metacall@Thread@@CAXPAVQObject@@W4Call@QMetaObject@@HPAPAX@Z 0041ac70 f   moc_Lifter_server_mscv.obj
 0001:00019ce0       ?showData@Thread@@QAEXABVQStringList@@@Z 0041ace0 f   moc_Lifter_server_mscv.obj
 0001:00019d20       ?metaObject@MyDatabase@@UBEPBUQMetaObject@@XZ 0041ad20 f   moc_mydatabase.obj
 0001:00019d40       ?qt_metacall@MyDatabase@@UAEHW4Call@QMetaObject@@HPAPAX@Z 0041ad40 f   moc_mydatabase.obj
 0001:00019dc0       ?qt_metacast@MyDatabase@@UAEPAXPBD@Z 0041adc0 f   moc_mydatabase.obj
 0001:00019e40       ?qt_static_metacall@MyDatabase@@CAXPAVQObject@@W4Call@QMetaObject@@HPAPAX@Z 0041ae40 f   moc_mydatabase.obj
 0001:00019e60       ?metaObject@MyQuitThread@@UBEPBUQMetaObject@@XZ 0041ae60 f   moc_server_manager.obj
 0001:00019e80       ?qt_metacall@MyQuitThread@@UAEHW4Call@QMetaObject@@HPAPAX@Z 0041ae80 f   moc_server_manager.obj
 0001:00019e90       ?qt_metacast@MyQuitThread@@UAEPAXPBD@Z 0041ae90 f   moc_server_manager.obj
 0001:00019f10       ?qt_static_metacall@MyQuitThread@@CAXPAVQObject@@W4Call@QMetaObject@@HPAPAX@Z 0041af10 f   moc_server_manager.obj
 0001:00019f20       ??$connect@P8QThread@@AEXUQPrivateSignal@1@@ZP8QEventLoop@@AEXXZ@QObject@@SA?AVConnection@QMetaObject@@PBVQThread@@P83@AEXUQPrivateSignal@3@@ZPBVQEventLoop@@P85@AEXXZW4ConnectionType@Qt@@@Z 0041af20 f i Lifter_server_mscv.obj
 0001:00019fa0       ??$connect@P8Thread@@AEXABVQStringList@@@ZP8Lifter_server_mscv@@AEX0@Z@QObject@@SA?AVConnection@QMetaObject@@PBVThread@@P83@AEXABVQStringList@@@ZPBVLifter_server_mscv@@P85@AEX1@ZW4ConnectionType@Qt@@@Z 0041afa0 f i Lifter_server_mscv.obj
 0001:0001a040       ??0Lifter_server_mscv@@QAE@PAVQWidget@@@Z 0041b040 f   Lifter_server_mscv.obj
 0001:0001a190       ??1Lifter_server_mscv@@UAE@XZ 0041b190 f   Lifter_server_mscv.obj
 0001:0001a290       ??1Thread@@UAE@XZ          0041b290 f i Lifter_server_mscv.obj
 0001:0001a2a0       ??H@YA?BVQString@@PBDABV0@@Z 0041b2a0 f i Lifter_server_mscv.obj
 0001:0001a410       ??_ELifter_server_mscv@@W7AEPAXI@Z 0041b410 f i Lifter_server_mscv.obj
 0001:0001a41a       ??_EQListView@@W7AEPAXI@Z  0041b41a f i Lifter_server_mscv.obj
 0001:0001a424       ??_EQMenuBar@@W7AEPAXI@Z   0041b424 f i Lifter_server_mscv.obj
 0001:0001a42e       ??_EQPushButton@@W7AEPAXI@Z 0041b42e f i Lifter_server_mscv.obj
 0001:0001a438       ??_EQStatusBar@@W7AEPAXI@Z 0041b438 f i Lifter_server_mscv.obj
 0001:0001a442       ??_EQToolBar@@W7AEPAXI@Z   0041b442 f i Lifter_server_mscv.obj
 0001:0001a44c       ??_EQWidget@@W7AEPAXI@Z    0041b44c f i Lifter_server_mscv.obj
 0001:0001a460       ??_ELifter_server_mscv@@UAEPAXI@Z 0041b460 f i Lifter_server_mscv.obj
 0001:0001a460       ??_GLifter_server_mscv@@UAEPAXI@Z 0041b460 f i Lifter_server_mscv.obj
 0001:0001a490       ??_EQListView@@UAEPAXI@Z   0041b490 f i Lifter_server_mscv.obj
 0001:0001a490       ??_GQListView@@UAEPAXI@Z   0041b490 f i Lifter_server_mscv.obj
 0001:0001a4c0       ??_GQMenuBar@@UAEPAXI@Z    0041b4c0 f i Lifter_server_mscv.obj
 0001:0001a4c0       ??_EQMenuBar@@UAEPAXI@Z    0041b4c0 f i Lifter_server_mscv.obj
 0001:0001a4f0       ??_GQPushButton@@UAEPAXI@Z 0041b4f0 f i Lifter_server_mscv.obj
 0001:0001a4f0       ??_EQPushButton@@UAEPAXI@Z 0041b4f0 f i Lifter_server_mscv.obj
 0001:0001a520       ??_GQStatusBar@@UAEPAXI@Z  0041b520 f i Lifter_server_mscv.obj
 0001:0001a520       ??_EQStatusBar@@UAEPAXI@Z  0041b520 f i Lifter_server_mscv.obj
 0001:0001a550       ??_EQStringListModel@@UAEPAXI@Z 0041b550 f i Lifter_server_mscv.obj
 0001:0001a550       ??_GQStringListModel@@UAEPAXI@Z 0041b550 f i Lifter_server_mscv.obj
 0001:0001a580       ??_EQToolBar@@UAEPAXI@Z    0041b580 f i Lifter_server_mscv.obj
 0001:0001a580       ??_GQToolBar@@UAEPAXI@Z    0041b580 f i Lifter_server_mscv.obj
 0001:0001a5b0       ??_GQWidget@@UAEPAXI@Z     0041b5b0 f i Lifter_server_mscv.obj
 0001:0001a5b0       ??_EQWidget@@UAEPAXI@Z     0041b5b0 f i Lifter_server_mscv.obj
 0001:0001a5e0       ??_GThread@@UAEPAXI@Z      0041b5e0 f i Lifter_server_mscv.obj
 0001:0001a5e0       ??_EThread@@UAEPAXI@Z      0041b5e0 f i Lifter_server_mscv.obj
 0001:0001a610       ?closeEvent@Lifter_server_mscv@@UAEXPAVQCloseEvent@@@Z 0041b610 f   Lifter_server_mscv.obj
 0001:0001a630       ?impl@?$QSlotObject@P8Lifter_server_mscv@@AEXABVQStringList@@@ZU?$List@ABVQStringList@@@QtPrivate@@X@QtPrivate@@CAXHPAVQSlotObjectBase@2@PAVQObject@@PAPAXPA_N@Z 0041b630 f i Lifter_server_mscv.obj
 0001:0001a6c0       ?impl@?$QSlotObject@P8QEventLoop@@AEXXZU?$List@$$V@QtPrivate@@X@QtPrivate@@CAXHPAVQSlotObjectBase@2@PAVQObject@@PAPAXPA_N@Z 0041b6c0 f i Lifter_server_mscv.obj
 0001:0001a720       ?on_pushButton_clear_clicked@Lifter_server_mscv@@AAEXXZ 0041b720 f   Lifter_server_mscv.obj
 0001:0001a780       ?retranslateUi@Ui_MainWindow@@QAEXPAVQMainWindow@@@Z 0041b780 f i Lifter_server_mscv.obj
 0001:0001a860       ?run@Thread@@UAEXXZ        0041b860 f i Lifter_server_mscv.obj
 0001:0001a9a0       ?setupUi@Ui_MainWindow@@QAEXPAVQMainWindow@@@Z 0041b9a0 f i Lifter_server_mscv.obj
 0001:0001ae40       ?show_ui_Data@Lifter_server_mscv@@QAEXABVQStringList@@@Z 0041be40 f   Lifter_server_mscv.obj
 0001:0001b030       ?types@?$ConnectionTypes@U?$List@ABVQStringList@@@QtPrivate@@$00@QtPrivate@@SAPBHXZ 0041c030 f i Lifter_server_mscv.obj
 0001:0001b0b0       ??$__vcrt_va_start_verify_argument_type@QB_W@@YAXXZ 0041c0b0 f i main.obj
 0001:0001b0e0       ?H2SMonitorServerUnhandledExceptionFilter@@YGJPAU_EXCEPTION_POINTERS@@@Z 0041c0e0 f   main.obj
 0001:0001b5c0       ?ServiceHandler@@YGXK@Z    0041c5c0 f   main.obj
 0001:0001b650       ?service_main@@YGXHPAPAD@Z 0041c650 f   main.obj
 0001:0001b740       ?srv_core_thread@@YGKPAX@Z 0041c740 f   main.obj
 0001:0001b7b0       ?swprintf@@YAHQA_WQB_WZZ   0041c7b0 f i main.obj
 0001:0001b7f0       ___local_stdio_printf_options 0041c7f0 f i main.obj
 0001:0001b800       _main                      0041c800 f   main.obj
 0001:0001b960       ??0BusinessSession@@AAE@XZ 0041c960 f   businesssession.obj
 0001:0001ba00       ??1BusinessSession@@QAE@XZ 0041ca00 f   businesssession.obj
 0001:0001c090       ??1MemoryConfig@@QAE@XZ    0041d090 f i businesssession.obj
 0001:0001c0c0       ??A?$QMap@VQString@@PAD@@QAEAAPADABVQString@@@Z 0041d0c0 f i businesssession.obj
 0001:0001c160       ??A?$QMap@VQString@@PAVCanModuleBuffer@@@@QAEAAPAVCanModuleBuffer@@ABVQString@@@Z 0041d160 f i businesssession.obj
 0001:0001c200       ??A?$QMap@VQString@@PAVExperimentThread@@@@QAEAAPAVExperimentThread@@ABVQString@@@Z 0041d200 f i businesssession.obj
 0001:0001c2a0       ??A?$QMap@VQString@@PAVUserBuffer@@@@QAEAAPAVUserBuffer@@ABVQString@@@Z 0041d2a0 f i businesssession.obj
 0001:0001c340       ??A?$QMap@VQString@@_N@@QAEAA_NABVQString@@@Z 0041d340 f i businesssession.obj
 0001:0001c3f0       ??_GExperimentThread@@UAEPAXI@Z 0041d3f0 f i businesssession.obj
 0001:0001c3f0       ??_EExperimentThread@@UAEPAXI@Z 0041d3f0 f i businesssession.obj
 0001:0001c430       ?DealBmqData@BusinessSession@@QAE?AVQString@@ABV2@0PADH@Z 0041d430 f   businesssession.obj
 0001:0001cf80       ??0Myserver@@AAE@FH@Z      0041df80 f i server.obj
 0001:0001d250       ?DealBmqQuit@BusinessSession@@QAE?AVQString@@ABV2@@Z 0041e250 f   businesssession.obj
 0001:0001d330       ?DealCgqData@BusinessSession@@QAE?AVQString@@ABV2@PADH@Z 0041e330 f   businesssession.obj
 0001:0001eb80       ?DealCgqQuit@BusinessSession@@QAE?AVQString@@ABV2@@Z 0041fb80 f   businesssession.obj
 0001:0001ec60       ?DealClientPackg@BusinessSession@@QAE_NVQString@@ABV2@@Z 0041fc60 f   businesssession.obj
 0001:00021160       ?DealJdqData@BusinessSession@@QAE?AVQString@@V2@PADH@Z 00422160 f   businesssession.obj
 0001:00021c80       ?DealJdqQuit@BusinessSession@@QAE?AVQString@@ABV2@@Z 00422c80 f   businesssession.obj
 0001:000221c0       ?GetDeviceUserBuffer@BusinessSession@@QAEPAVUserBuffer@@ABVQString@@H@Z 004231c0 f   businesssession.obj
 0001:000222a0       ?GetExitDevicePackg@BusinessSession@@QAE?AVQString@@ABV2@@Z 004232a0 f   businesssession.obj
 0001:000225b0       ?GetInstance@BusinessSession@@SAPAV1@XZ 004235b0 f   businesssession.obj
 0001:00022600       ?GetJdqControlOrder@BusinessSession@@QAE_NABVQString@@00AAV2@PADAAHH@Z 00423600 f   businesssession.obj
 0001:00022930       ?GetLastError@BusinessSession@@QAE?AVQString@@XZ 00423930 f   businesssession.obj
 0001:00022960       ?InterfaceFun@BusinessSession@@QAE?AVQString@@V2@PADH@Z 00423960 f   businesssession.obj
 0001:00022e70       ?ReadCanModuleBuffer@BusinessSession@@QAEHABVQString@@PAU_VCI_CAN_OBJ@@ABH@Z 00423e70 f   businesssession.obj
 0001:00022ee0       ?StartExperimentThread@BusinessSession@@QAEXABVQString@@ABUexperiment_struct@@@Z 00423ee0 f   businesssession.obj
 0001:00022ff0       ?WriteCanModuleBuffer@BusinessSession@@QAEXABVQString@@ABQAU_VCI_CAN_OBJ@@ABH@Z 00423ff0 f   businesssession.obj
 0001:000230e0       ?copy@?$QMapNode@VQString@@PAD@@QBEPAU1@PAU?$QMapData@VQString@@PAD@@@Z 004240e0 f i businesssession.obj
 0001:00023190       ?copy@?$QMapNode@VQString@@PAVCanModuleBuffer@@@@QBEPAU1@PAU?$QMapData@VQString@@PAVCanModuleBuffer@@@@@Z 00424190 f i businesssession.obj
 0001:00023240       ?copy@?$QMapNode@VQString@@PAVExperimentThread@@@@QBEPAU1@PAU?$QMapData@VQString@@PAVExperimentThread@@@@@Z 00424240 f i businesssession.obj
 0001:000232f0       ?copy@?$QMapNode@VQString@@PAVUserBuffer@@@@QBEPAU1@PAU?$QMapData@VQString@@PAVUserBuffer@@@@@Z 004242f0 f i businesssession.obj
 0001:000233a0       ?copy@?$QMapNode@VQString@@_N@@QBEPAU1@PAU?$QMapData@VQString@@_N@@@Z 004243a0 f i businesssession.obj
 0001:00023450       ?createNode@?$QMapData@VQString@@PAD@@QAEPAU?$QMapNode@VQString@@PAD@@ABVQString@@ABQADPAU2@_N@Z 00424450 f i businesssession.obj
 0001:000234a0       ?createNode@?$QMapData@VQString@@PAVCanModuleBuffer@@@@QAEPAU?$QMapNode@VQString@@PAVCanModuleBuffer@@@@ABVQString@@ABQAVCanModuleBuffer@@PAU2@_N@Z 004244a0 f i businesssession.obj
 0001:000234f0       ?createNode@?$QMapData@VQString@@PAVExperimentThread@@@@QAEPAU?$QMapNode@VQString@@PAVExperimentThread@@@@ABVQString@@ABQAVExperimentThread@@PAU2@_N@Z 004244f0 f i businesssession.obj
 0001:00023540       ?createNode@?$QMapData@VQString@@PAVUserBuffer@@@@QAEPAU?$QMapNode@VQString@@PAVUserBuffer@@@@ABVQString@@ABQAVUserBuffer@@PAU2@_N@Z 00424540 f i businesssession.obj
 0001:00023590       ?createNode@?$QMapData@VQString@@_N@@QAEPAU?$QMapNode@VQString@@_N@@ABVQString@@AB_NPAU2@_N@Z 00424590 f i businesssession.obj
 0001:000235e0       ?destroySubTree@?$QMapNode@VQString@@PAD@@QAEXXZ 004245e0 f i businesssession.obj
 0001:00023610       ?destroySubTree@?$QMapNode@VQString@@PAVCanModuleBuffer@@@@QAEXXZ 00424610 f i businesssession.obj
 0001:00023640       ?destroySubTree@?$QMapNode@VQString@@PAVExperimentThread@@@@QAEXXZ 00424640 f i businesssession.obj
 0001:00023670       ?destroySubTree@?$QMapNode@VQString@@PAVUserBuffer@@@@QAEXXZ 00424670 f i businesssession.obj
 0001:000236a0       ?destroySubTree@?$QMapNode@VQString@@_N@@QAEXXZ 004246a0 f i businesssession.obj
 0001:000236d0       ?detach_helper@?$QMap@VQString@@PAD@@AAEXXZ 004246d0 f i businesssession.obj
 0001:000237a0       ?detach_helper@?$QMap@VQString@@PAVCanModuleBuffer@@@@AAEXXZ 004247a0 f i businesssession.obj
 0001:00023870       ?detach_helper@?$QMap@VQString@@PAVExperimentThread@@@@AAEXXZ 00424870 f i businesssession.obj
 0001:00023940       ?detach_helper@?$QMap@VQString@@PAVUserBuffer@@@@AAEXXZ 00424940 f i businesssession.obj
 0001:00023a10       ?detach_helper@?$QMap@VQString@@_N@@AAEXXZ 00424a10 f i businesssession.obj
 0001:00023ae0       ?findNode@?$QMapData@VQString@@PAD@@QBEPAU?$QMapNode@VQString@@PAD@@ABVQString@@@Z 00424ae0 f i businesssession.obj
 0001:00023b30       ?findNode@?$QMapData@VQString@@PAVCanModuleBuffer@@@@QBEPAU?$QMapNode@VQString@@PAVCanModuleBuffer@@@@ABVQString@@@Z 00424b30 f i businesssession.obj
 0001:00023b80       ?findNode@?$QMapData@VQString@@PAVExperimentThread@@@@QBEPAU?$QMapNode@VQString@@PAVExperimentThread@@@@ABVQString@@@Z 00424b80 f i businesssession.obj
 0001:00023bd0       ?findNode@?$QMapData@VQString@@PAVUserBuffer@@@@QBEPAU?$QMapNode@VQString@@PAVUserBuffer@@@@ABVQString@@@Z 00424bd0 f i businesssession.obj
 0001:00023c20       ?findNode@?$QMapData@VQString@@_N@@QBEPAU?$QMapNode@VQString@@_N@@ABVQString@@@Z 00424c20 f i businesssession.obj
 0001:00023c70       ?getBmqDataLen@BusinessSession@@QAEHABVQString@@@Z 00424c70 f   businesssession.obj
 0001:00023ce0       ?getBmqFirst@BusinessSession@@QAE_NABVQString@@@Z 00424ce0 f   businesssession.obj
 0001:00023d40       ?getBmqKd@BusinessSession@@QAEHABVQString@@@Z 00424d40 f   businesssession.obj
 0001:00023db0       ?getBmqMapBuff@BusinessSession@@QAEPADABVQString@@@Z 00424db0 f   businesssession.obj
 0001:00023e10       ?getBmqSize@BusinessSession@@QAEHABVQString@@@Z 00424e10 f   businesssession.obj
 0001:00023e80       ?insert@?$QMap@VQString@@PAD@@QAE?AViterator@1@ABVQString@@ABQAD@Z 00424e80 f i businesssession.obj
 0001:00023f60       ?insert@?$QMap@VQString@@PAVCanModuleBuffer@@@@QAE?AViterator@1@ABVQString@@ABQAVCanModuleBuffer@@@Z 00424f60 f i businesssession.obj
 0001:00024040       ?insert@?$QMap@VQString@@PAVExperimentThread@@@@QAE?AViterator@1@ABVQString@@ABQAVExperimentThread@@@Z 00425040 f i businesssession.obj
 0001:00024120       ?insert@?$QMap@VQString@@PAVUserBuffer@@@@QAE?AViterator@1@ABVQString@@ABQAVUserBuffer@@@Z 00425120 f i businesssession.obj
 0001:00024200       ?insert@?$QMap@VQString@@_N@@QAE?AViterator@1@ABVQString@@AB_N@Z 00425200 f i businesssession.obj
 0001:000242e0       ?lowerBound@?$QMapNode@VQString@@PAD@@QAEPAU1@ABVQString@@@Z 004252e0 f i businesssession.obj
 0001:00024330       ?lowerBound@?$QMapNode@VQString@@PAVCanModuleBuffer@@@@QAEPAU1@ABVQString@@@Z 00425330 f i businesssession.obj
 0001:00024380       ?lowerBound@?$QMapNode@VQString@@PAVExperimentThread@@@@QAEPAU1@ABVQString@@@Z 00425380 f i businesssession.obj
 0001:000243d0       ?lowerBound@?$QMapNode@VQString@@PAVUserBuffer@@@@QAEPAU1@ABVQString@@@Z 004253d0 f i businesssession.obj
[...]
 0004:00000948       __imp_?event@QWidget@@MAE_NPAVQEvent@@@Z 00493948     Qt5Widgets:Qt5Widgets.dll
 0004:0000094c       __imp_?event@QToolBar@@MAE_NPAVQEvent@@@Z 0049394c     Qt5Widgets:Qt5Widgets.dll
 0004:00000950       __imp_?event@QStatusBar@@MAE_NPAVQEvent@@@Z 00493950     Qt5Widgets:Qt5Widgets.dll
 0004:00000954       __imp_?event@QPushButton@@MAE_NPAVQEvent@@@Z 00493954     Qt5Widgets:Qt5Widgets.dll
 0004:00000958       __imp_?event@QMenuBar@@MAE_NPAVQEvent@@@Z 00493958     Qt5Widgets:Qt5Widgets.dll
 0004:0000095c       __imp_?event@QMainWindow@@MAE_NPAVQEvent@@@Z 0049395c     Qt5Widgets:Qt5Widgets.dll
 0004:00000960       __imp_?event@QListView@@MAE_NPAVQEvent@@@Z 00493960     Qt5Widgets:Qt5Widgets.dll
 0004:00000964       __imp_?enterEvent@QWidget@@MAEXPAVQEvent@@@Z 00493964     Qt5Widgets:Qt5Widgets.dll
 0004:00000968       __imp_?editorDestroyed@QAbstractItemView@@MAEXPAVQObject@@@Z 00493968     Qt5Widgets:Qt5Widgets.dll
 0004:0000096c       __imp_?edit@QAbstractItemView@@MAE_NABVQModelIndex@@W4EditTrigger@1@PAVQEvent@@@Z 0049396c     Qt5Widgets:Qt5Widgets.dll
 0004:00000970       __imp_?dropEvent@QWidget@@MAEXPAVQDropEvent@@@Z 00493970     Qt5Widgets:Qt5Widgets.dll
 0004:00000974       __imp_?dropEvent@QListView@@MAEXPAVQDropEvent@@@Z 00493974     Qt5Widgets:Qt5Widgets.dll
 0004:00000978       __imp_?dragMoveEvent@QWidget@@MAEXPAVQDragMoveEvent@@@Z 00493978     Qt5Widgets:Qt5Widgets.dll
 0004:0000097c       __imp_?dragMoveEvent@QListView@@MAEXPAVQDragMoveEvent@@@Z 0049397c     Qt5Widgets:Qt5Widgets.dll
 0004:00000980       __imp_?dragLeaveEvent@QWidget@@MAEXPAVQDragLeaveEvent@@@Z 00493980     Qt5Widgets:Qt5Widgets.dll
 0004:00000984       __imp_?dragLeaveEvent@QListView@@MAEXPAVQDragLeaveEvent@@@Z 00493984     Qt5Widgets:Qt5Widgets.dll
 0004:00000988       __imp_?dragEnterEvent@QWidget@@MAEXPAVQDragEnterEvent@@@Z 00493988     Qt5Widgets:Qt5Widgets.dll
 0004:0000098c       __imp_?dragEnterEvent@QAbstractItemView@@MAEXPAVQDragEnterEvent@@@Z 0049398c     Qt5Widgets:Qt5Widgets.dll
 0004:00000990       __imp_?devType@QWidget@@UBEHXZ 00493990     Qt5Widgets:Qt5Widgets.dll
 0004:00000994       __imp_?dataChanged@QListView@@MAEXABVQModelIndex@@0ABV?$QVector@H@@@Z 00493994     Qt5Widgets:Qt5Widgets.dll
 0004:00000998       __imp_?currentChanged@QListView@@MAEXABVQModelIndex@@0@Z 00493998     Qt5Widgets:Qt5Widgets.dll
 0004:0000099c       __imp_?createPopupMenu@QMainWindow@@UAEPAVQMenu@@XZ 0049399c     Qt5Widgets:Qt5Widgets.dll
 0004:000009a0       __imp_?contextMenuEvent@QWidget@@MAEXPAVQContextMenuEvent@@@Z 004939a0     Qt5Widgets:Qt5Widgets.dll
 0004:000009a4       __imp_?contextMenuEvent@QMainWindow@@MAEXPAVQContextMenuEvent@@@Z 004939a4     Qt5Widgets:Qt5Widgets.dll
 0004:000009a8       __imp_?contextMenuEvent@QAbstractScrollArea@@MAEXPAVQContextMenuEvent@@@Z 004939a8     Qt5Widgets:Qt5Widgets.dll
 0004:000009ac       __imp_?commitData@QAbstractItemView@@MAEXPAVQWidget@@@Z 004939ac     Qt5Widgets:Qt5Widgets.dll
 0004:000009b0       __imp_?closeEvent@QWidget@@MAEXPAVQCloseEvent@@@Z 004939b0     Qt5Widgets:Qt5Widgets.dll
 0004:000009b4       __imp_?closeEditor@QAbstractItemView@@MAEXPAVQWidget@@W4EndEditHint@QAbstractItemDelegate@@@Z 004939b4     Qt5Widgets:Qt5Widgets.dll
 0004:000009b8       __imp_?checkStateSet@QAbstractButton@@MAEXXZ 004939b8     Qt5Widgets:Qt5Widgets.dll
 0004:000009bc       __imp_?changeEvent@QWidget@@MAEXPAVQEvent@@@Z 004939bc     Qt5Widgets:Qt5Widgets.dll
 0004:000009c0       __imp_?changeEvent@QToolBar@@MAEXPAVQEvent@@@Z 004939c0     Qt5Widgets:Qt5Widgets.dll
 0004:000009c4       __imp_?changeEvent@QMenuBar@@MAEXPAVQEvent@@@Z 004939c4     Qt5Widgets:Qt5Widgets.dll
 0004:000009c8       __imp_?changeEvent@QFrame@@MAEXPAVQEvent@@@Z 004939c8     Qt5Widgets:Qt5Widgets.dll
 0004:000009cc       __imp_?changeEvent@QAbstractButton@@MAEXPAVQEvent@@@Z 004939cc     Qt5Widgets:Qt5Widgets.dll
 0004:000009d0       __imp_?actionEvent@QWidget@@MAEXPAVQActionEvent@@@Z 004939d0     Qt5Widgets:Qt5Widgets.dll
 0004:000009d4       __imp_?actionEvent@QToolBar@@MAEXPAVQActionEvent@@@Z 004939d4     Qt5Widgets:Qt5Widgets.dll
 0004:000009d8       __imp_?actionEvent@QMenuBar@@MAEXPAVQActionEvent@@@Z 004939d8     Qt5Widgets:Qt5Widgets.dll
 0004:000009dc       __imp_??1QToolBar@@UAE@XZ  004939dc     Qt5Widgets:Qt5Widgets.dll
 0004:000009e0       __imp_??0QToolBar@@QAE@PAVQWidget@@@Z 004939e0     Qt5Widgets:Qt5Widgets.dll
 0004:000009e4       __imp_??1QStatusBar@@UAE@XZ 004939e4     Qt5Widgets:Qt5Widgets.dll
 0004:000009e8       __imp_??0QStatusBar@@QAE@PAVQWidget@@@Z 004939e8     Qt5Widgets:Qt5Widgets.dll
 0004:000009ec       __imp_??1QPushButton@@UAE@XZ 004939ec     Qt5Widgets:Qt5Widgets.dll
 0004:000009f0       __imp_??0QPushButton@@QAE@PAVQWidget@@@Z 004939f0     Qt5Widgets:Qt5Widgets.dll
 0004:000009f4       __imp_?setText@QAbstractButton@@QAEXABVQString@@@Z 004939f4     Qt5Widgets:Qt5Widgets.dll
 0004:000009f8       __imp_??1QMenuBar@@UAE@XZ  004939f8     Qt5Widgets:Qt5Widgets.dll
 0004:000009fc       __imp_??0QMenuBar@@QAE@PAVQWidget@@@Z 004939fc     Qt5Widgets:Qt5Widgets.dll
 0004:00000a00       __imp_??1QListView@@UAE@XZ 00493a00     Qt5Widgets:Qt5Widgets.dll
 0004:00000a04       __imp_??0QListView@@QAE@PAVQWidget@@@Z 00493a04     Qt5Widgets:Qt5Widgets.dll
 0004:00000a08       __imp_?setCurrentIndex@QAbstractItemView@@QAEXABVQModelIndex@@@Z 00493a08     Qt5Widgets:Qt5Widgets.dll
 0004:00000a0c       __imp_?currentIndex@QAbstractItemView@@QBE?AVQModelIndex@@XZ 00493a0c     Qt5Widgets:Qt5Widgets.dll
 0004:00000a10       __imp_?addToolBar@QMainWindow@@QAEXW4ToolBarArea@Qt@@PAVQToolBar@@@Z 00493a10     Qt5Widgets:Qt5Widgets.dll
 0004:00000a14       __imp_?setCentralWidget@QMainWindow@@QAEXPAVQWidget@@@Z 00493a14     Qt5Widgets:Qt5Widgets.dll
 0004:00000a18       __imp_?setStatusBar@QMainWindow@@QAEXPAVQStatusBar@@@Z 00493a18     Qt5Widgets:Qt5Widgets.dll
 0004:00000a1c       __imp_?setMenuBar@QMainWindow@@QAEXPAVQMenuBar@@@Z 00493a1c     Qt5Widgets:Qt5Widgets.dll
 0004:00000a20       __imp_??1QMainWindow@@UAE@XZ 00493a20     Qt5Widgets:Qt5Widgets.dll
 0004:00000a24       __imp_??0QMainWindow@@QAE@PAVQWidget@@V?$QFlags@W4WindowType@Qt@@@@@Z 00493a24     Qt5Widgets:Qt5Widgets.dll
 0004:00000a28       __imp_?setGeometry@QWidget@@QAEXABVQRect@@@Z 00493a28     Qt5Widgets:Qt5Widgets.dll
 0004:00000a2c       __imp_?resize@QWidget@@QAEXHH@Z 00493a2c     Qt5Widgets:Qt5Widgets.dll
 0004:00000a30       __imp_?close@QWidget@@QAE_NXZ 00493a30     Qt5Widgets:Qt5Widgets.dll
 0004:00000a34       __imp_?setWindowTitle@QWidget@@QAEXABVQString@@@Z 00493a34     Qt5Widgets:Qt5Widgets.dll
 0004:00000a38       __imp_?setMaximumSize@QWidget@@QAEXABVQSize@@@Z 00493a38     Qt5Widgets:Qt5Widgets.dll
 0004:00000a3c       __imp_??1QWidget@@UAE@XZ   00493a3c     Qt5Widgets:Qt5Widgets.dll
 0004:00000a40       __imp_??0QWidget@@QAE@PAV0@V?$QFlags@W4WindowType@Qt@@@@@Z 00493a40     Qt5Widgets:Qt5Widgets.dll
 0004:00000a44       __imp_?qt_metacall@QMainWindow@@UAEHW4Call@QMetaObject@@HPAPAX@Z 00493a44     Qt5Widgets:Qt5Widgets.dll
 0004:00000a48       __imp_?qt_metacast@QMainWindow@@UAEPAXPBD@Z 00493a48     Qt5Widgets:Qt5Widgets.dll
 0004:00000a4c       __imp_?staticMetaObject@QMainWindow@@2UQMetaObject@@B 00493a4c     Qt5Widgets:Qt5Widgets.dll
 0004:00000a50       __imp_?doItemsLayout@QListView@@UAEXXZ 00493a50     Qt5Widgets:Qt5Widgets.dll
 0004:00000a54       \177Qt5Widgets_NULL_THUNK_DATA 00493a54     Qt5Widgets:Qt5Widgets.dll
 0004:00000b24       __imp_??0QDomElement@@QAE@XZ 00493b24     qt5xml:Qt5Xml.dll
 0004:00000b28       __imp_?isNull@QDomNode@@QBE_NXZ 00493b28     qt5xml:Qt5Xml.dll
 0004:00000b2c       __imp_??0QDomElement@@QAE@ABV0@@Z 00493b2c     qt5xml:Qt5Xml.dll
 0004:00000b30       __imp_??1QDomElement@@QAE@XZ 00493b30     qt5xml:Qt5Xml.dll
 0004:00000b34       __imp_?text@QDomElement@@QBE?AVQString@@XZ 00493b34     qt5xml:Qt5Xml.dll
 0004:00000b38       __imp_?attribute@QDomElement@@QBE?AVQString@@ABV2@0@Z 00493b38     qt5xml:Qt5Xml.dll
 0004:00000b3c       __imp_??4QDomElement@@QAEAAV0@ABV0@@Z 00493b3c     qt5xml:Qt5Xml.dll
 0004:00000b40       __imp_?nextSiblingElement@QDomNode@@QBE?AVQDomElement@@ABVQString@@@Z 00493b40     qt5xml:Qt5Xml.dll
 0004:00000b44       __imp_?setContent@QDomDocument@@QAE_NABVQString@@_NPAV2@PAH3@Z 00493b44     qt5xml:Qt5Xml.dll
 0004:00000b48       __imp_??1QDomDocument@@QAE@XZ 00493b48     qt5xml:Qt5Xml.dll
 0004:00000b4c       __imp_??0QDomDocument@@QAE@XZ 00493b4c     qt5xml:Qt5Xml.dll
 0004:00000b50       __imp_?firstChildElement@QDomNode@@QBE?AVQDomElement@@ABVQString@@@Z 00493b50     qt5xml:Qt5Xml.dll
 0004:00000b54       \177Qt5Xml_NULL_THUNK_DATA 00493b54     qt5xml:Qt5Xml.dll
 0004:00000b88       __imp__CommandLineToArgvW@8 00493b88     shell32:SHELL32.dll
 0004:00000b8c       \177SHELL32_NULL_THUNK_DATA 00493b8c     shell32:SHELL32.dll
 0004:00000bb8       __imp__MessageBoxW@16      00493bb8     user32:USER32.dll
 0004:00000bbc       \177USER32_NULL_THUNK_DATA 00493bbc     user32:USER32.dll
 0004:00000be8       __imp____vcrt_InitializeCriticalSectionEx 00493be8     vcruntime:VCRUNTIME140.dll
 0004:00000bec       __imp____std_type_info_destroy_list 00493bec     vcruntime:VCRUNTIME140.dll
 0004:00000bf0       __imp___except_handler4_common 00493bf0     vcruntime:VCRUNTIME140.dll
 0004:00000bf4       __imp__memset              00493bf4     vcruntime:VCRUNTIME140.dll
 0004:00000bf8       __imp____std_type_info_compare 00493bf8     vcruntime:VCRUNTIME140.dll
 0004:00000bfc       __imp____CxxFrameHandler3  00493bfc     vcruntime:VCRUNTIME140.dll
 0004:00000c00       __imp___CxxThrowException@8 00493c00     vcruntime:VCRUNTIME140.dll
 0004:00000c04       __imp__memcpy              00493c04     vcruntime:VCRUNTIME140.dll
 0004:00000c08       __imp____std_exception_destroy 00493c08     vcruntime:VCRUNTIME140.dll
 0004:00000c0c       __imp___purecall           00493c0c     vcruntime:VCRUNTIME140.dll
 0004:00000c10       __imp____std_terminate     00493c10     vcruntime:VCRUNTIME140.dll
 0004:00000c14       __imp__memmove             00493c14     vcruntime:VCRUNTIME140.dll
 0004:00000c18       __imp____std_exception_copy 00493c18     vcruntime:VCRUNTIME140.dll
 0004:00000c1c       \177VCRUNTIME140_NULL_THUNK_DATA 00493c1c     vcruntime:VCRUNTIME140.dll
 0004:00000c50       __imp__bind@12             00493c50     ws2_32:WS2_32.dll
 0004:00000c54       __imp__listen@8            00493c54     ws2_32:WS2_32.dll
 0004:00000c58       __imp__WSASend@28          00493c58     ws2_32:WS2_32.dll
 0004:00000c5c       __imp__ntohs@4             00493c5c     ws2_32:WS2_32.dll
 0004:00000c60       __imp__WSASetLastError@4   00493c60     ws2_32:WS2_32.dll
 0004:00000c64       __imp__WSAGetLastError@0   00493c64     ws2_32:WS2_32.dll
 0004:00000c68       __imp__shutdown@8          00493c68     ws2_32:WS2_32.dll
 0004:00000c6c       __imp__WSARecv@28          00493c6c     ws2_32:WS2_32.dll
 0004:00000c70       __imp__socket@12           00493c70     ws2_32:WS2_32.dll
 0004:00000c74       __imp__setsockopt@20       00493c74     ws2_32:WS2_32.dll
 0004:00000c78       __imp__sendto@24           00493c78     ws2_32:WS2_32.dll
 0004:00000c7c       __imp__send@16             00493c7c     ws2_32:WS2_32.dll
 0004:00000c80       __imp__select@20           00493c80     ws2_32:WS2_32.dll
 0004:00000c84       __imp__recvfrom@24         00493c84     ws2_32:WS2_32.dll
 0004:00000c88       __imp__recv@16             00493c88     ws2_32:WS2_32.dll
 0004:00000c8c       __imp__inet_addr@4         00493c8c     ws2_32:WS2_32.dll
 0004:00000c90       __imp__htons@4             00493c90     ws2_32:WS2_32.dll
 0004:00000c94       __imp__ioctlsocket@12      00493c94     ws2_32:WS2_32.dll
 0004:00000c98       __imp__connect@12          00493c98     ws2_32:WS2_32.dll
 0004:00000c9c       __imp__closesocket@4       00493c9c     ws2_32:WS2_32.dll
 0004:00000ca0       __imp__WSASocketW@24       00493ca0     ws2_32:WS2_32.dll
 0004:00000ca4       __imp__WSAStartup@8        00493ca4     ws2_32:WS2_32.dll
 0004:00000ca8       __imp__WSAAddressToStringW@20 00493ca8     ws2_32:WS2_32.dll
 0004:00000cac       __imp__WSACleanup@0        00493cac     ws2_32:WS2_32.dll
 0004:00000cb0       __imp__getpeername@12      00493cb0     ws2_32:WS2_32.dll
 0004:00000cb4       __imp__getsockname@12      00493cb4     ws2_32:WS2_32.dll
 0004:00000cb8       __imp__getsockopt@20       00493cb8     ws2_32:WS2_32.dll
 0004:00000cbc       __imp__htonl@4             00493cbc     ws2_32:WS2_32.dll
 0004:00000cc0       __imp__ntohl@4             00493cc0     ws2_32:WS2_32.dll
 0004:00000cc4       \177WS2_32_NULL_THUNK_DATA 00493cc4     ws2_32:WS2_32.dll
 0004:00000d04       __imp___callnewh           00493d04     ucrt:api-ms-win-crt-heap-l1-1-0.dll
 0004:00000d08       __imp__malloc              00493d08     ucrt:api-ms-win-crt-heap-l1-1-0.dll
 0004:00000d0c       __imp__free                00493d0c     ucrt:api-ms-win-crt-heap-l1-1-0.dll
 0004:00000d10       __imp___set_new_mode       00493d10     ucrt:api-ms-win-crt-heap-l1-1-0.dll
 0004:00000d14       \177api-ms-win-crt-heap-l1-1-0_NULL_THUNK_DATA 00493d14     ucrt:api-ms-win-crt-heap-l1-1-0.dll
 0004:00000d40       __imp___configthreadlocale 00493d40     ucrt:api-ms-win-crt-locale-l1-1-0.dll
 0004:00000d44       \177api-ms-win-crt-locale-l1-1-0_NULL_THUNK_DATA 00493d44     ucrt:api-ms-win-crt-locale-l1-1-0.dll
 0004:00000d70       __imp____setusermatherr    00493d70     ucrt:api-ms-win-crt-math-l1-1-0.dll
 0004:00000d74       __imp___libm_sse2_pow_precise 00493d74     ucrt:api-ms-win-crt-math-l1-1-0.dll
 0004:00000d78       \177api-ms-win-crt-math-l1-1-0_NULL_THUNK_DATA 00493d78     ucrt:api-ms-win-crt-math-l1-1-0.dll
 0004:00000da4       __imp___c_exit             00493da4     ucrt:api-ms-win-crt-runtime-l1-1-0.dll
 0004:00000da8       __imp___register_thread_local_exe_atexit_callback 00493da8     ucrt:api-ms-win-crt-runtime-l1-1-0.dll
 0004:00000dac       __imp___invalid_parameter_noinfo 00493dac     ucrt:api-ms-win-crt-runtime-l1-1-0.dll
 0004:00000db0       __imp___exit               00493db0     ucrt:api-ms-win-crt-runtime-l1-1-0.dll
 0004:00000db4       __imp___errno              00493db4     ucrt:api-ms-win-crt-runtime-l1-1-0.dll
 0004:00000db8       __imp___controlfp_s        00493db8     ucrt:api-ms-win-crt-runtime-l1-1-0.dll
 0004:00000dbc       __imp__strerror            00493dbc     ucrt:api-ms-win-crt-runtime-l1-1-0.dll
 0004:00000dc0       __imp__exit                00493dc0     ucrt:api-ms-win-crt-runtime-l1-1-0.dll
 0004:00000dc4       __imp___invalid_parameter_noinfo_noreturn 00493dc4     ucrt:api-ms-win-crt-runtime-l1-1-0.dll
 0004:00000dc8       __imp___initterm_e         00493dc8     ucrt:api-ms-win-crt-runtime-l1-1-0.dll
 0004:00000dcc       __imp__signal              00493dcc     ucrt:api-ms-win-crt-runtime-l1-1-0.dll
 0004:00000dd0       __imp___initterm           00493dd0     ucrt:api-ms-win-crt-runtime-l1-1-0.dll
 0004:00000dd4       __imp___get_narrow_winmain_command_line 00493dd4     ucrt:api-ms-win-crt-runtime-l1-1-0.dll
 0004:00000dd8       __imp___crt_at_quick_exit  00493dd8     ucrt:api-ms-win-crt-runtime-l1-1-0.dll
 0004:00000ddc       __imp___crt_atexit         00493ddc     ucrt:api-ms-win-crt-runtime-l1-1-0.dll
 0004:00000de0       __imp___execute_onexit_table 00493de0     ucrt:api-ms-win-crt-runtime-l1-1-0.dll
 0004:00000de4       __imp___register_onexit_function 00493de4     ucrt:api-ms-win-crt-runtime-l1-1-0.dll
 0004:00000de8       __imp___initialize_onexit_table 00493de8     ucrt:api-ms-win-crt-runtime-l1-1-0.dll
 0004:00000dec       __imp___initialize_narrow_environment 00493dec     ucrt:api-ms-win-crt-runtime-l1-1-0.dll
 0004:00000df0       __imp___seh_filter_dll     00493df0     ucrt:api-ms-win-crt-runtime-l1-1-0.dll
 0004:00000df4       __imp___set_app_type       00493df4     ucrt:api-ms-win-crt-runtime-l1-1-0.dll
 0004:00000df8       __imp__terminate           00493df8     ucrt:api-ms-win-crt-runtime-l1-1-0.dll
 0004:00000dfc       __imp___seh_filter_exe     00493dfc     ucrt:api-ms-win-crt-runtime-l1-1-0.dll
 0004:00000e00       __imp___cexit              00493e00     ucrt:api-ms-win-crt-runtime-l1-1-0.dll
 0004:00000e04       __imp___beginthreadex      00493e04     ucrt:api-ms-win-crt-runtime-l1-1-0.dll
 0004:00000e08       __imp___configure_narrow_argv 00493e08     ucrt:api-ms-win-crt-runtime-l1-1-0.dll
 0004:00000e0c       \177api-ms-win-crt-runtime-l1-1-0_NULL_THUNK_DATA 00493e0c     ucrt:api-ms-win-crt-runtime-l1-1-0.dll
 0004:00000e4c       __imp___set_fmode          00493e4c     ucrt:api-ms-win-crt-stdio-l1-1-0.dll
 0004:00000e50       __imp____p__commode        00493e50     ucrt:api-ms-win-crt-stdio-l1-1-0.dll
 0004:00000e54       __imp____stdio_common_vswprintf 00493e54     ucrt:api-ms-win-crt-stdio-l1-1-0.dll
 0004:00000e58       \177api-ms-win-crt-stdio-l1-1-0_NULL_THUNK_DATA 00493e58     ucrt:api-ms-win-crt-stdio-l1-1-0.dll
 0004:00000e84       __imp___gmtime64           00493e84     ucrt:api-ms-win-crt-time-l1-1-0.dll
 0004:00000e88       __imp___localtime64        00493e88     ucrt:api-ms-win-crt-time-l1-1-0.dll
 0004:00000e8c       __imp___time64             00493e8c     ucrt:api-ms-win-crt-time-l1-1-0.dll
 0004:00000e90       \177api-ms-win-crt-time-l1-1-0_NULL_THUNK_DATA 00493e90     ucrt:api-ms-win-crt-time-l1-1-0.dll
 0004:00000ebc       __imp__MiniDumpWriteDump@28 00493ebc     Dbghelp:dbghelp.dll
 0004:00000ec0       \177dbghelp_NULL_THUNK_DATA 00493ec0     Dbghelp:dbghelp.dll
 0004:00000eec       __IMPORT_DESCRIPTOR_Qt5Core 00493eec     Qt5Core:Qt5Core.dll
 0004:00000f00       __IMPORT_DESCRIPTOR_Qt5Widgets 00493f00     Qt5Widgets:Qt5Widgets.dll
 0004:00000f14       __IMPORT_DESCRIPTOR_Qt5Sql 00493f14     qt5sql:Qt5Sql.dll
 0004:00000f28       __IMPORT_DESCRIPTOR_Qt5Xml 00493f28     qt5xml:Qt5Xml.dll
 0004:00000f3c       __IMPORT_DESCRIPTOR_KERNEL32 00493f3c     kernel32:KERNEL32.dll
 0004:00000f50       __IMPORT_DESCRIPTOR_USER32 00493f50     user32:USER32.dll
 0004:00000f64       __IMPORT_DESCRIPTOR_ADVAPI32 00493f64     advapi32:ADVAPI32.dll
 0004:00000f78       __IMPORT_DESCRIPTOR_MSVCP140 00493f78     msvcprt:MSVCP140.dll
 0004:00000f8c       __IMPORT_DESCRIPTOR_WS2_32 00493f8c     ws2_32:WS2_32.dll
 0004:00000fa0       __IMPORT_DESCRIPTOR_MSWSOCK 00493fa0     mswsock:MSWSOCK.dll
 0004:00000fb4       __IMPORT_DESCRIPTOR_dbghelp 00493fb4     Dbghelp:dbghelp.dll
 0004:00000fc8       __IMPORT_DESCRIPTOR_VCRUNTIME140 00493fc8     vcruntime:VCRUNTIME140.dll
 0004:00000fdc       __IMPORT_DESCRIPTOR_api-ms-win-crt-runtime-l1-1-0 00493fdc     ucrt:api-ms-win-crt-runtime-l1-1-0.dll
 0004:00000ff0       __IMPORT_DESCRIPTOR_api-ms-win-crt-stdio-l1-1-0 00493ff0     ucrt:api-ms-win-crt-stdio-l1-1-0.dll
 0004:00001004       __IMPORT_DESCRIPTOR_api-ms-win-crt-math-l1-1-0 00494004     ucrt:api-ms-win-crt-math-l1-1-0.dll
 0004:00001018       __IMPORT_DESCRIPTOR_api-ms-win-crt-time-l1-1-0 00494018     ucrt:api-ms-win-crt-time-l1-1-0.dll
 0004:0000102c       __IMPORT_DESCRIPTOR_api-ms-win-crt-heap-l1-1-0 0049402c     ucrt:api-ms-win-crt-heap-l1-1-0.dll
 0004:00001040       __IMPORT_DESCRIPTOR_api-ms-win-crt-locale-l1-1-0 00494040     ucrt:api-ms-win-crt-locale-l1-1-0.dll
 0004:00001054       __IMPORT_DESCRIPTOR_SHELL32 00494054     shell32:SHELL32.dll
 0004:00001068       __NULL_IMPORT_DESCRIPTOR   00494068     Qt5Core:Qt5Core.dll
 0006:00000000       __tls_start                0049d000     MSVCRT:tlssup.obj
 0006:00000104       __Init_thread_epoch        0049d104     MSVCRT:thread_safe_statics.obj
 0006:00000208       __tls_end                  0049d208     MSVCRT:tlssup.obj
 0007:00000000       ___guard_check_icall_fptr  0049e000     MSVCRT:guard_support.obj
